ESP-ROM:esp32s3-20210327
Build:Mar 27 2021
rst:0x1 (POWERON),boot:0x8 (SPI_FAST_FLASH_BOOT)
SPIWP:0xee
mode:DIO, clock div:1
load:0x3fce3810,len:0x178c
load:0x403c9700,len:0x4
load:0x403c9704,len:0xcb8
load:0x403cc700,len:0x2d80
entry 0x403c9914
[0;32mI (27) boot: ESP-IDF v5.3-dev-1196-gece73357ca 2nd stage bootloader[0m
[0;32mI (27) boot: compile time Jan  3 2024 19:13:30[0m
[0;32mI (27) boot: Multicore bootloader[0m
[0;32mI (31) boot: chip revision: v0.2[0m
[0;32mI (35) boot.esp32s3: Boot SPI Speed : 80MHz[0m
[0;32mI (40) boot.esp32s3: SPI Mode       : DIO[0m
[0;32mI (45) boot.esp32s3: SPI Flash Size : 16MB[0m
[0;32mI (50) boot: Enabling RNG early entropy source...[0m
[0;32mI (55) boot: Partition Table:[0m
[0;32mI (59) boot: ## Label            Usage          Type ST Offset   Length[0m
[0;32mI (66) boot:  0 nvs              WiFi data        01 02 00009000 00006000[0m
[0;32mI (73) boot:  1 phy_init         RF data          01 01 0000f000 00001000[0m
[0;32mI (81) boot:  2 factory          factory app      00 00 00010000 00100000[0m
[0;32mI (88) boot: End of partition table[0m
[0;32mI (93) esp_image: segment 0: paddr=00010020 vaddr=3c020020 size=0ce90h ( 52880) map[0m
[0;32mI (110) esp_image: segment 1: paddr=0001ceb8 vaddr=3fc91e00 size=02938h ( 10552) load[0m
[0;32mI (113) esp_image: segment 2: paddr=0001f7f8 vaddr=40374000 size=00820h (  2080) load[0m
[0;32mI (118) esp_image: segment 3: paddr=00020020 vaddr=42000020 size=188cch (100556) map[0m
[0;32mI (144) esp_image: segment 4: paddr=000388f4 vaddr=40374820 size=0d594h ( 54676) load[0m
[0;32mI (162) boot: Loaded app from partition at offset 0x10000[0m
[0;32mI (162) boot: Disabling RNG early entropy source...[0m
[0;32mI (174) cpu_start: Multicore app[0m
[0;32mI (184) cpu_start: Pro cpu start user code[0m
[0;32mI (184) cpu_start: cpu freq: 160000000 Hz[0m
[0;32mI (184) cpu_start: Application information:[0m
[0;32mI (187) cpu_start: Project name:     hello_world[0m
[0;32mI (192) cpu_start: App version:      1[0m
[0;32mI (196) cpu_start: Compile time:     Jan  3 2024 19:13:19[0m
[0;32mI (202) cpu_start: ELF file SHA256:  ab12a44d8...[0m
[0;32mI (208) cpu_start: ESP-IDF:          v5.3-dev-1196-gece73357ca[0m
[0;32mI (214) cpu_start: Min chip rev:     v0.0[0m
[0;32mI (219) cpu_start: Max chip rev:     v0.99 [0m
[0;32mI (224) cpu_start: Chip rev:         v0.2[0m
[0;32mI (229) heap_init: Initializing. RAM available for dynamic allocation:[0m
[0;32mI (236) heap_init: At 3FC95018 len 000546F8 (337 KiB): RAM[0m
[0;32mI (242) heap_init: At 3FCE9710 len 00005724 (21 KiB): RAM[0m
[0;32mI (248) heap_init: At 3FCF0000 len 00008000 (32 KiB): DRAM[0m
[0;32mI (254) heap_init: At 600FE010 len 00001FD8 (7 KiB): RTCRAM[0m
[0;32mI (262) spi_flash: detected chip: generic[0m
[0;32mI (265) spi_flash: flash io: dio[0m
[0;32mI (269) sleep: Configure to isolate all GPIO pins in sleep state[0m
[0;32mI (276) sleep: Enable automatic switching of GPIO sleep configuration[0m
[0;32mI (283) main_task: Started on CPU0[0m
[0;32mI (313) main_task: Calling app_main()[0m
Hello world!
This is esp32s3 chip with 2 CPU core(s), WiFi/BLE, silicon revision v0.2, 16MB external flash
Minimum free heap size: 386744 bytes
Restarting in 10 seconds...
Restarting in 9 seconds...
Restarting in 8 seconds...
Restarting in 7 seconds...
Restarting in 6 seconds...
Restarting in 5 seconds...
Restarting in 4 seconds...
Restarting in 3 seconds...
Restarting in 2 seconds...
Restarting in 1 seconds...
Restarting in 0 seconds...
Restarting now.
ESP-ROM:esp32s3-20210327
Build:Mar 27 2021
rst:0xc (RTC_SW_CPU_RST),boot:0x8 (SPI_FAST_FLASH_BOOT)
Saved PC:0x403758cc
SPIWP:0xee
mode:DIO, clock div:1
load:0x3fce3810,len:0x178c
load:0x403c9700,len:0x4
load:0x403c9704,len:0xcb8
load:0x403cc700,len:0x2d80
entry 0x403c9914
[0;32mI (31) boot: ESP-IDF v5.3-dev-1196-gece73357ca 2nd stage bootloader[0m
[0;32mI (31) boot: compile time Jan  3 2024 19:13:30[0m
[0;32mI (32) boot: Multicore bootloader[0m
[0;32mI (36) boot: chip revision: v0.2[0m
[0;32mI (40) boot.esp32s3: Boot SPI Speed : 80MHz[0m
[0;32mI (45) boot.esp32s3: SPI Mode       : DIO[0m
[0;32mI (49) boot.esp32s3: SPI Flash Size : 16MB[0m
[0;32mI (54) boot: Enabling RNG early entropy source...[0m
[0;32mI (60) boot: Partition Table:[0m
[0;32mI (63) boot: ## Label            Usage          Type ST Offset   Length[0m
[0;32mI (70) boot:  0 nvs              WiFi data        01 02 00009000 00006000[0m
[0;32mI (78) boot:  1 phy_init         RF data          01 01 0000f000 00001000[0m
[0;32mI (85) boot:  2 factory          factory app      00 00 00010000 00100000[0m
[0;32mI (93) boot: End of partition table[0m
[0;32mI (97) esp_image: segment 0: paddr=00010020 vaddr=3c020020 size=0ce90h ( 52880) map[0m
[0;32mI (115) esp_image: segment 1: paddr=0001ceb8 vaddr=3fc91e00 size=02938h ( 10552) load[0m
[0;32mI (117) esp_image: segment 2: paddr=0001f7f8 vaddr=40374000 size=00820h (  2080) load[0m
[0;32mI (123) esp_image: segment 3: paddr=00020020 vaddr=42000020 size=188cch (100556) map[0m
[0;32mI (149) esp_image: segment 4: paddr=000388f4 vaddr=40374820 size=0d594h ( 54676) load[0m
[0;32mI (167) boot: Loaded app from partition at offset 0x10000[0m
[0;32mI (167) boot: Disabling RNG early entropy source...[0m
[0;32mI (178) cpu_start: Multicore app[0m
[0;32mI (188) cpu_start: Pro cpu start user code[0m
[0;32mI (188) cpu_start: cpu freq: 160000000 Hz[0m
[0;32mI (188) cpu_start: Application information:[0m
[0;32mI (191) cpu_start: Project name:     hello_world[0m
[0;32mI (196) cpu_start: App version:      1[0m
[0;32mI (201) cpu_start: Compile time:     Jan  3 2024 19:13:19[0m
[0;32mI (207) cpu_start: ELF file SHA256:  ab12a44d8...[0m
[0;32mI (212) cpu_start: ESP-IDF:          v5.3-dev-1196-gece73357ca[0m
[0;32mI (219) cpu_start: Min chip rev:     v0.0[0m
[0;32mI (223) cpu_start: Max chip rev:     v0.99 [0m
[0;32mI (228) cpu_start: Chip rev:         v0.2[0m
[0;32mI (233) heap_init: Initializing. RAM available for dynamic allocation:[0m
[0;32mI (240) heap_init: At 3FC95018 len 000546F8 (337 KiB): RAM[0m
[0;32mI (246) heap_init: At 3FCE9710 len 00005724 (21 KiB): RAM[0m
[0;32mI (252) heap_init: At 3FCF0000 len 00008000 (32 KiB): DRAM[0m
[0;32mI (259) heap_init: At 600FE010 len 00001FD8 (7 KiB): RTCRAM[0m
[0;32mI (266) spi_flash: detected chip: generic[0m
[0;32mI (270) spi_flash: flash io: dio[0m
[0;32mI (274) sleep: Configure to isolate all GPIO pins in sleep state[0m
[0;32mI (280) sleep: Enable automatic switching of GPIO sleep configuration[0m
[0;32mI (288) main_task: Started on CPU0[0m
[0;32mI (318) main_task: Calling app_main()[0m
Hello world!
This is esp32s3 chip with 2 CPU core(s), WiFi/BLE, silicon revision v0.2, 16MB external flash
Minimum free heap size: 386744 bytes
Restarting in 10 seconds...
Restarting in 9 seconds...
Restarting in 8 seconds...
Restarting in 7 seconds...
Restarting in 6 seconds...
Restarting in 5 seconds...
Restarting in 4 seconds...
Restarting in 3 seconds...
Restarting in 2 seconds...
Restarting in 1 seconds...
Restarting in 0 seconds...
Restarting now.
ESP-ROM:esp32s3-20210327
Build:Mar 27 2021
rst:0xc (RTC_SW_CPU_RST),boot:0x8 (SPI_FAST_FLASH_BOOT)
Saved PC:0x403758cc
SPIWP:0xee
mode:DIO, clock div:1
load:0x3fce3810,len:0x178c
load:0x403c9700,len:0x4
load:0x403c9704,len:0xcb8
load:0x403cc700,len:0x2d80
entry 0x403c9914
[0;32mI (31) boot: ESP-IDF v5.3-dev-1196-gece73357ca 2nd stage bootloader[0m
[0;32mI (31) boot: compile time Jan  3 2024 19:13:30[0m
[0;32mI (32) boot: Multicore bootloader[0m
[0;32mI (36) boot: chip revision: v0.2[0m
[0;32mI (40) boot.esp32s3: Boot SPI Speed : 80MHz[0m
[0;32mI (45) boot.esp32s3: SPI Mode       : DIO[0m
[0;32mI (49) boot.esp32s3: SPI Flash Size : 16MB[0m
[0;32mI (54) boot: Enabling RNG early entropy source...[0m
[0;32mI (60) boot: Partition Table:[0m
[0;32mI (63) boot: ## Label            Usage          Type ST Offset   Length[0m
[0;32mI (70) boot:  0 nvs              WiFi data        01 02 00009000 00006000[0m
[0;32mI (78) boot:  1 phy_init         RF data          01 01 0000f000 00001000[0m
[0;32mI (85) boot:  2 factory          factory app      00 00 00010000 00100000[0m
[0;32mI (93) boot: End of partition table[0m
[0;32mI (97) esp_image: segment 0: paddr=00010020 vaddr=3c020020 size=0ce90h ( 52880) map[0m
[0;32mI (115) esp_image: segment 1: paddr=0001ceb8 vaddr=3fc91e00 size=02938h ( 10552) load[0m
[0;32mI (117) esp_image: segment 2: paddr=0001f7f8 vaddr=40374000 size=00820h (  2080) load[0m
[0;32mI (123) esp_image: segment 3: paddr=00020020 vaddr=42000020 size=188cch (100556) map[0m
[0;32mI (149) esp_image: segment 4: paddr=000388f4 vaddr=40374820 size=0d594h ( 54676) load[0m
[0;32mI (167) boot: Loaded app from partition at offset 0x10000[0m
[0;32mI (167) boot: Disabling RNG early entropy source...[0m
[0;32mI (178) cpu_start: Multicore app[0m
[0;32mI (188) cpu_start: Pro cpu start user code[0m
[0;32mI (188) cpu_start: cpu freq: 160000000 Hz[0m
[0;32mI (188) cpu_start: Application information:[0m
[0;32mI (191) cpu_start: Project name:     hello_world[0m
[0;32mI (196) cpu_start: App version:      1[0m
[0;32mI (201) cpu_start: Compile time:     Jan  3 2024 19:13:19[0m
[0;32mI (207) cpu_start: ELF file SHA256:  ab12a44d8...[0m
[0;32mI (212) cpu_start: ESP-IDF:          v5.3-dev-1196-gece73357ca[0m
[0;32mI (219) cpu_start: Min chip rev:     v0.0[0m
[0;32mI (223) cpu_start: Max chip rev:     v0.99 [0m
[0;32mI (228) cpu_start: Chip rev:         v0.2[0m
[0;32mI (233) heap_init: Initializing. RAM available for dynamic allocation:[0m
[0;32mI (240) heap_init: At 3FC95018 len 000546F8 (337 KiB): RAM[0m
[0;32mI (246) heap_init: At 3FCE9710 len 00005724 (21 KiB): RAM[0m
[0;32mI (252) heap_init: At 3FCF0000 len 00008000 (32 KiB): DRAM[0m
[0;32mI (259) heap_init: At 600FE010 len 00001FD8 (7 KiB): RTCRAM[0m
[0;32mI (266) spi_flash: detected chip: generic[0m
[0;32mI (270) spi_flash: flash io: dio[0m
[0;32mI (274) sleep: Configure to isolate all GPIO pins in sleep state[0m
[0;32mI (280) sleep: Enable automatic switching of GPIO sleep configuration[0m
[0;32mI (288) main_task: Started on CPU0[0m
[0;32mI (318) main_task: Calling app_main()[0m
Hello world!
This is esp32s3 chip with 2 CPU core(s), WiFi/BLE, silicon revision v0.2, 16MB external flash
Minimum free heap size: 386744 bytes
Restarting in 10 seconds...
Restarting in 9 seconds...
Restarting in 8 seconds...
Restarting in 7 seconds...
Restarting in 6 seconds...
Restarting in 5 seconds...
Restarting in 4 seconds...
Restarting in 3 seconds...
Restarting in 2 seconds...
Restarting in 1 seconds...
Restarting in 0 seconds...
Restarting now.
ESP-ROM:esp32s3-20210327
Build:Mar 27 2021
rst:0xc (RTC_SW_CPU_RST),boot:0x8 (SPI_FAST_FLASH_BOOT)
Saved PC:0x403758cc
SPIWP:0xee
mode:DIO, clock div:1
load:0x3fce3810,len:0x178c
load:0x403c9700,len:0x4
load:0x403c9704,len:0xcb8
load:0x403cc700,len:0x2d80
entry 0x403c9914
[0;32mI (31) boot: ESP-IDF v5.3-dev-1196-gece73357ca 2nd stage bootloader[0m
[0;32mI (31) boot: compile time Jan  3 2024 19:13:30[0m
[0;32mI (32) boot: Multicore bootloader[0m
[0;32mI (36) boot: chip revision: v0.2[0m
[0;32mI (40) boot.esp32s3: Boot SPI Speed : 80MHz[0m
[0;32mI (45) boot.esp32s3: SPI Mode       : DIO[0m
[0;32mI (49) boot.esp32s3: SPI Flash Size : 16MB[0m
[0;32mI (54) boot: Enabling RNG early entropy source...[0m
[0;32mI (60) boot: Partition Table:[0m
[0;32mI (63) boot: ## Label            Usage          Type ST Offset   Length[0m
[0;32mI (70) boot:  0 nvs              WiFi data        01 02 00009000 00006000[0m
[0;32mI (78) boot:  1 phy_init         RF data          01 01 0000f000 00001000[0m
[0;32mI (85) boot:  2 factory          factory app      00 00 00010000 00100000[0m
[0;32mI (93) boot: End of partition table[0m
[0;32mI (97) esp_image: segment 0: paddr=00010020 vaddr=3c020020 size=0ce90h ( 52880) map[0m
[0;32mI (115) esp_image: segment 1: paddr=0001ceb8 vaddr=3fc91e00 size=02938h ( 10552) load[0m
[0;32mI (117) esp_image: segment 2: paddr=0001f7f8 vaddr=40374000 size=00820h (  2080) load[0m
[0;32mI (123) esp_image: segment 3: paddr=00020020 vaddr=42000020 size=188cch (100556) map[0m
[0;32mI (149) esp_image: segment 4: paddr=000388f4 vaddr=40374820 size=0d594h ( 54676) load[0m
[0;32mI (167) boot: Loaded app from partition at offset 0x10000[0m
[0;32mI (167) boot: Disabling RNG early entropy source...[0m
[0;32mI (178) cpu_start: Multicore app[0m
[0;32mI (188) cpu_start: Pro cpu start user code[0m
[0;32mI (188) cpu_start: cpu freq: 160000000 Hz[0m
[0;32mI (188) cpu_start: Application information:[0m
[0;32mI (191) cpu_start: Project name:     hello_world[0m
[0;32mI (196) cpu_start: App version:      1[0m
[0;32mI (201) cpu_start: Compile time:     Jan  3 2024 19:13:19[0m
[0;32mI (207) cpu_start: ELF file SHA256:  ab12a44d8...[0m
[0;32mI (212) cpu_start: ESP-IDF:          v5.3-dev-1196-gece73357ca[0m
[0;32mI (219) cpu_start: Min chip rev:     v0.0[0m
[0;32mI (223) cpu_start: Max chip rev:     v0.99 [0m
[0;32mI (228) cpu_start: Chip rev:         v0.2[0m
[0;32mI (233) heap_init: Initializing. RAM available for dynamic allocation:[0m
[0;32mI (240) heap_init: At 3FC95018 len 000546F8 (337 KiB): RAM[0m
[0;32mI (246) heap_init: At 3FCE9710 len 00005724 (21 KiB): RAM[0m
[0;32mI (252) heap_init: At 3FCF0000 len 00008000 (32 KiB): DRAM[0m
[0;32mI (259) heap_init: At 600FE010 len 00001FD8 (7 KiB): RTCRAM[0m
[0;32mI (266) spi_flash: detected chip: generic[0m
[0;32mI (270) spi_flash: flash io: dio[0m
[0;32mI (274) sleep: Configure to isolate all GPIO pins in sleep state[0m
[0;32mI (280) sleep: Enable automatic switching of GPIO sleep configuration[0m
[0;32mI (288) main_task: Started on CPU0[0m
[0;32mI (318) main_task: Calling app_main()[0m
Hello world!
This is esp32s3 chip with 2 CPU core(s), WiFi/BLE, silicon revision v0.2, 16MB external flash
Minimum free heap size: 386744 bytes
Restarting in 10 seconds...
Restarting in 9 seconds...
Restarting in 8 seconds...
Restarting in 7 seconds...
Restarting in 6 seconds...
Restarting in 5 seconds...
Restarting in 4 seconds...
Restarting in 3 seconds...
Restarting in 2 seconds...
Restarting in 1 seconds...
Restarting in 0 seconds...
Restarting now.
ESP-ROM:esp32s3-20210327
Build:Mar 27 2021
rst:0xc (RTC_SW_CPU_RST),boot:0x8 (SPI_FAST_FLASH_BOOT)
Saved PC:0x403758cc
SPIWP:0xee
mode:DIO, clock div:1
load:0x3fce3810,len:0x178c
load:0x403c9700,len:0x4
load:0x403c9704,len:0xcb8
load:0x403cc700,len:0x2d80
entry 0x403c9914
[0;32mI (31) boot: ESP-IDF v5.3-dev-1196-gece73357ca 2nd stage bootloader[0m
[0;32mI (31) boot: compile time Jan  3 2024 19:13:30[0m
[0;32mI (32) boot: Multicore bootloader[0m
[0;32mI (36) boot: chip revision: v0.2[0m
[0;32mI (40) boot.esp32s3: Boot SPI Speed : 80MHz[0m
[0;32mI (45) boot.esp32s3: SPI Mode       : DIO[0m
[0;32mI (49) boot.esp32s3: SPI Flash Size : 16MB[0m
[0;32mI (54) boot: Enabling RNG early entropy source...[0m
[0;32mI (60) boot: Partition Table:[0m
[0;32mI (63) boot: ## Label            Usage          Type ST Offset   Length[0m
[0;32mI (70) boot:  0 nvs              WiFi data        01 02 00009000 00006000[0m
[0;32mI (78) boot:  1 phy_init         RF data          01 01 0000f000 00001000[0m
[0;32mI (85) boot:  2 factory          factory app      00 00 00010000 00100000[0m
[0;32mI (93) boot: End of partition table[0m
[0;32mI (97) esp_image: segment 0: paddr=00010020 vaddr=3c020020 size=0ce90h ( 52880) map[0m
[0;32mI (115) esp_image: segment 1: paddr=0001ceb8 vaddr=3fc91e00 size=02938h ( 10552) load[0m
[0;32mI (117) esp_image: segment 2: paddr=0001f7f8 vaddr=40374000 size=00820h (  2080) load[0m
[0;32mI (123) esp_image: segment 3: paddr=00020020 vaddr=42000020 size=188cch (100556) map[0m
[0;32mI (149) esp_image: segment 4: paddr=000388f4 vaddr=40374820 size=0d594h ( 54676) load[0m
[0;32mI (167) boot: Loaded app from partition at offset 0x10000[0m
[0;32mI (167) boot: Disabling RNG early entropy source...[0m
[0;32mI (178) cpu_start: Multicore app[0m
[0;32mI (188) cpu_start: Pro cpu start user code[0m
[0;32mI (188) cpu_start: cpu freq: 160000000 Hz[0m
[0;32mI (188) cpu_start: Application information:[0m
[0;32mI (191) cpu_start: Project name:     hello_world[0m
[0;32mI (196) cpu_start: App version:      1[0m
[0;32mI (201) cpu_start: Compile time:     Jan  3 2024 19:13:19[0m
[0;32mI (207) cpu_start: ELF file SHA256:  ab12a44d8...[0m
[0;32mI (212) cpu_start: ESP-IDF:          v5.3-dev-1196-gece73357ca[0m
[0;32mI (219) cpu_start: Min chip rev:     v0.0[0m
[0;32mI (223) cpu_start: Max chip rev:     v0.99 [0m
[0;32mI (228) cpu_start: Chip rev:         v0.2[0m
[0;32mI (233) heap_init: Initializing. RAM available for dynamic allocation:[0m
[0;32mI (240) heap_init: At 3FC95018 len 000546F8 (337 KiB): RAM[0m
[0;32mI (246) heap_init: At 3FCE9710 len 00005724 (21 KiB): RAM[0m
[0;32mI (252) heap_init: At 3FCF0000 len 00008000 (32 KiB): DRAM[0m
[0;32mI (259) heap_init: At 600FE010 len 00001FD8 (7 KiB): RTCRAM[0m
[0;32mI (266) spi_flash: detected chip: generic[0m
[0;32mI (270) spi_flash: flash io: dio[0m
[0;32mI (274) sleep: Configure to isolate all GPIO pins in sleep state[0m
[0;32mI (280) sleep: Enable automatic switching of GPIO sleep configuration[0m
[0;32mI (288) main_task: Started on CPU0[0m
[0;32mI (318) main_task: Calling app_main()[0m
Hello world!
This is esp32s3 chip with 2 CPU core(s), WiFi/BLE, silicon revision v0.2, 16MB external flash
Minimum free heap size: 386744 bytes
Restarting in 10 seconds...
Restarting in 9 seconds...
Restarting in 8 seconds...
Restarting in 7 seconds...
Restarting in 6 seconds...
Restarting in 5 seconds...
Restarting in 4 seconds...
Restarting in 3 seconds...
Restarting in 2 seconds...
Restarting in 1 seconds...
Restarting in 0 seconds...
Restarting now.
ESP-ROM:esp32s3-20210327
Build:Mar 27 2021
rst:0xc (RTC_SW_CPU_RST),boot:0x8 (SPI_FAST_FLASH_BOOT)
Saved PC:0x403758cc
SPIWP:0xee
mode:DIO, clock div:1
load:0x3fce3810,len:0x178c
load:0x403c9700,len:0x4
load:0x403c9704,len:0xcb8
load:0x403cc700,len:0x2d80
entry 0x403c9914
[0;32mI (31) boot: ESP-IDF v5.3-dev-1196-gece73357ca 2nd stage bootloader[0m
[0;32mI (31) boot: compile time Jan  3 2024 19:13:30[0m
[0;32mI (32) boot: Multicore bootloader[0m
[0;32mI (36) boot: chip revision: v0.2[0m
[0;32mI (40) boot.esp32s3: Boot SPI Speed : 80MHz[0m
[0;32mI (45) boot.esp32s3: SPI Mode       : DIO[0m
[0;32mI (49) boot.esp32s3: SPI Flash Size : 16MB[0m
[0;32mI (54) boot: Enabling RNG early entropy source...[0m
[0;32mI (60) boot: Partition Table:[0m
[0;32mI (63) boot: ## Label            Usage          Type ST Offset   Length[0m
[0;32mI (70) boot:  0 nvs              WiFi data        01 02 00009000 00006000[0m
[0;32mI (78) boot:  1 phy_init         RF data          01 01 0000f000 00001000[0m
[0;32mI (85) boot:  2 factory          factory app      00 00 00010000 00100000[0m
[0;32mI (93) boot: End of partition table[0m
[0;32mI (97) esp_image: segment 0: paddr=00010020 vaddr=3c020020 size=0ce90h ( 52880) map[0m
[0;32mI (115) esp_image: segment 1: paddr=0001ceb8 vaddr=3fc91e00 size=02938h ( 10552) load[0m
[0;32mI (117) esp_image: segment 2: paddr=0001f7f8 vaddr=40374000 size=00820h (  2080) load[0m
[0;32mI (123) esp_image: segment 3: paddr=00020020 vaddr=42000020 size=188cch (100556) map[0m
[0;32mI (149) esp_image: segment 4: paddr=000388f4 vaddr=40374820 size=0d594h ( 54676) load[0m
[0;32mI (167) boot: Loaded app from partition at offset 0x10000[0m
[0;32mI (167) boot: Disabling RNG early entropy source...[0m
[0;32mI (178) cpu_start: Multicore app[0m
[0;32mI (188) cpu_start: Pro cpu start user code[0m
[0;32mI (188) cpu_start: cpu freq: 160000000 Hz[0m
[0;32mI (188) cpu_start: Application information:[0m
[0;32mI (191) cpu_start: Project name:     hello_world[0m
[0;32mI (196) cpu_start: App version:      1[0m
[0;32mI (201) cpu_start: Compile time:     Jan  3 2024 19:13:19[0m
[0;32mI (207) cpu_start: ELF file SHA256:  ab12a44d8...[0m
[0;32mI (212) cpu_start: ESP-IDF:          v5.3-dev-1196-gece73357ca[0m
[0;32mI (219) cpu_start: Min chip rev:     v0.0[0m
[0;32mI (223) cpu_start: Max chip rev:     v0.99 [0m
[0;32mI (228) cpu_start: Chip rev:         v0.2[0m
[0;32mI (233) heap_init: Initializing. RAM available for dynamic allocation:[0m
[0;32mI (240) heap_init: At 3FC95018 len 000546F8 (337 KiB): RAM[0m
[0;32mI (246) heap_init: At 3FCE9710 len 00005724 (21 KiB): RAM[0m
[0;32mI (252) heap_init: At 3FCF0000 len 00008000 (32 KiB): DRAM[0m
[0;32mI (259) heap_init: At 600FE010 len 00001FD8 (7 KiB): RTCRAM[0m
[0;32mI (266) spi_flash: detected chip: generic[0m
[0;32mI (270) spi_flash: flash io: dio[0m
[0;32mI (274) sleep: Configure to isolate all GPIO pins in sleep state[0m
[0;32mI (280) sleep: Enable automatic switching of GPIO sleep configuration[0m
[0;32mI (288) main_task: Started on CPU0[0m
[0;32mI (318) main_task: Calling app_main()[0m
Hello world!
This is esp32s3 chip with 2 CPU core(s), WiFi/BLE, silicon revision v0.2, 16MB external flash
Minimum free heap size: 386744 bytes
Restarting in 10 seconds...
Restarting in 9 seconds...
Restarting in 8 seconds...
Restarting in 7 seconds...
Restarting in 6 seconds...
Restarting in 5 seconds...
Restarting in 4 seconds...
Restarting in 3 seconds...
Restarting in 2 seconds...
Restarting in 1 seconds...
Restarting in 0 seconds...
Restarting now.
ESP-ROM:esp32s3-20210327
Build:Mar 27 2021
rst:0xc (RTC_SW_CPU_RST),boot:0x8 (SPI_FAST_FLASH_BOOT)
Saved PC:0x403758cc
SPIWP:0xee
mode:DIO, clock div:1
load:0x3fce3810,len:0x178c
load:0x403c9700,len:0x4
load:0x403c9704,len:0xcb8
load:0x403cc700,len:0x2d80
entry 0x403c9914
[0;32mI (31) boot: ESP-IDF v5.3-dev-1196-gece73357ca 2nd stage bootloader[0m
[0;32mI (31) boot: compile time Jan  3 2024 19:13:30[0m
[0;32mI (32) boot: Multicore bootloader[0m
[0;32mI (36) boot: chip revision: v0.2[0m
[0;32mI (40) boot.esp32s3: Boot SPI Speed : 80MHz[0m
[0;32mI (45) boot.esp32s3: SPI Mode       : DIO[0m
[0;32mI (49) boot.esp32s3: SPI Flash Size : 16MB[0m
[0;32mI (54) boot: Enabling RNG early entropy source...[0m
[0;32mI (60) boot: Partition Table:[0m
[0;32mI (63) boot: ## Label            Usage          Type ST Offset   Length[0m
[0;32mI (70) boot:  0 nvs              WiFi data        01 02 00009000 00006000[0m
[0;32mI (78) boot:  1 phy_init         RF data          01 01 0000f000 00001000[0m
[0;32mI (85) boot:  2 factory          factory app      00 00 00010000 00100000[0m
[0;32mI (93) boot: End of partition table[0m
[0;32mI (97) esp_image: segment 0: paddr=00010020 vaddr=3c020020 size=0ce90h ( 52880) map[0m
[0;32mI (115) esp_image: segment 1: paddr=0001ceb8 vaddr=3fc91e00 size=02938h ( 10552) load[0m
[0;32mI (117) esp_image: segment 2: paddr=0001f7f8 vaddr=40374000 size=00820h (  2080) load[0m
[0;32mI (123) esp_image: segment 3: paddr=00020020 vaddr=42000020 size=188cch (100556) map[0m
[0;32mI (149) esp_image: segment 4: paddr=000388f4 vaddr=40374820 size=0d594h ( 54676) load[0m
[0;32mI (167) boot: Loaded app from partition at offset 0x10000[0m
[0;32mI (167) boot: Disabling RNG early entropy source...[0m
[0;32mI (178) cpu_start: Multicore app[0m
[0;32mI (188) cpu_start: Pro cpu start user code[0m
[0;32mI (188) cpu_start: cpu freq: 160000000 Hz[0m
[0;32mI (188) cpu_start: Application information:[0m
[0;32mI (191) cpu_start: Project name:     hello_world[0m
[0;32mI (196) cpu_start: App version:      1[0m
[0;32mI (201) cpu_start: Compile time:     Jan  3 2024 19:13:19[0m
[0;32mI (207) cpu_start: ELF file SHA256:  ab12a44d8...[0m
[0;32mI (212) cpu_start: ESP-IDF:          v5.3-dev-1196-gece73357ca[0m
[0;32mI (219) cpu_start: Min chip rev:     v0.0[0m
[0;32mI (223) cpu_start: Max chip rev:     v0.99 [0m
[0;32mI (228) cpu_start: Chip rev:         v0.2[0m
[0;32mI (233) heap_init: Initializing. RAM available for dynamic allocation:[0m
[0;32mI (240) heap_init: At 3FC95018 len 000546F8 (337 KiB): RAM[0m
[0;32mI (246) heap_init: At 3FCE9710 len 00005724 (21 KiB): RAM[0m
[0;32mI (252) heap_init: At 3FCF0000 len 00008000 (32 KiB): DRAM[0m
[0;32mI (259) heap_init: At 600FE010 len 00001FD8 (7 KiB): RTCRAM[0m
[0;32mI (266) spi_flash: detected chip: generic[0m
[0;32mI (270) spi_flash: flash io: dio[0m
[0;32mI (274) sleep: Configure to isolate all GPIO pins in sleep state[0m
[0;32mI (280) sleep: Enable automatic switching of GPIO sleep configuration[0m
[0;32mI (288) main_task: Started on CPU0[0m
[0;32mI (318) main_task: Calling app_main()[0m
Hello world!
This is esp32s3 chip with 2 CPU core(s), WiFi/BLE, silicon revision v0.2, 16MB external flash
Minimum free heap size: 386744 bytes
Restarting in 10 seconds...
Restarting in 9 seconds...
Restarting in 8 seconds...
Restarting in 7 seconds...
Restarting in 6 seconds...
Restarting in 5 seconds...
Restarting in 4 seconds...
Restarting in 3 seconds...
Restarting in 2 seconds...
Restarting in 1 seconds...
Restarting in 0 seconds...
Restarting now.
ESP-ROM:esp32s3-20210327
Build:Mar 27 2021
rst:0xc (RTC_SW_CPU_RST),boot:0x8 (SPI_FAST_FLASH_BOOT)
Saved PC:0x403758cc
SPIWP:0xee
mode:DIO, clock div:1
load:0x3fce3810,len:0x178c
load:0x403c9700,len:0x4
load:0x403c9704,len:0xcb8
load:0x403cc700,len:0x2d80
entry 0x403c9914
[0;32mI (31) boot: ESP-IDF v5.3-dev-1196-gece73357ca 2nd stage bootloader[0m
[0;32mI (31) boot: compile time Jan  3 2024 19:13:30[0m
[0;32mI (32) boot: Multicore bootloader[0m
[0;32mI (36) boot: chip revision: v0.2[0m
[0;32mI (40) boot.esp32s3: Boot SPI Speed : 80MHz[0m
[0;32mI (45) boot.esp32s3: SPI Mode       : DIO[0m
[0;32mI (49) boot.esp32s3: SPI Flash Size : 16MB[0m
[0;32mI (54) boot: Enabling RNG early entropy source...[0m
[0;32mI (60) boot: Partition Table:[0m
[0;32mI (63) boot: ## Label            Usage          Type ST Offset   Length[0m
[0;32mI (70) boot:  0 nvs              WiFi data        01 02 00009000 00006000[0m
[0;32mI (78) boot:  1 phy_init         RF data          01 01 0000f000 00001000[0m
[0;32mI (85) boot:  2 factory          factory app      00 00 00010000 00100000[0m
[0;32mI (93) boot: End of partition table[0m
[0;32mI (97) esp_image: segment 0: paddr=00010020 vaddr=3c020020 size=0ce90h ( 52880) map[0m
[0;32mI (115) esp_image: segment 1: paddr=0001ceb8 vaddr=3fc91e00 size=02938h ( 10552) load[0m
[0;32mI (117) esp_image: segment 2: paddr=0001f7f8 vaddr=40374000 size=00820h (  2080) load[0m
[0;32mI (123) esp_image: segment 3: paddr=00020020 vaddr=42000020 size=188cch (100556) map[0m
[0;32mI (149) esp_image: segment 4: paddr=000388f4 vaddr=40374820 size=0d594h ( 54676) load[0m
[0;32mI (167) boot: Loaded app from partition at offset 0x10000[0m
[0;32mI (167) boot: Disabling RNG early entropy source...[0m
[0;32mI (178) cpu_start: Multicore app[0m
[0;32mI (188) cpu_start: Pro cpu start user code[0m
[0;32mI (188) cpu_start: cpu freq: 160000000 Hz[0m
[0;32mI (188) cpu_start: Application information:[0m
[0;32mI (191) cpu_start: Project name:     hello_world[0m
[0;32mI (196) cpu_start: App version:      1[0m
[0;32mI (201) cpu_start: Compile time:     Jan  3 2024 19:13:19[0m
[0;32mI (207) cpu_start: ELF file SHA256:  ab12a44d8...[0m
[0;32mI (212) cpu_start: ESP-IDF:          v5.3-dev-1196-gece73357ca[0m
[0;32mI (219) cpu_start: Min chip rev:     v0.0[0m
[0;32mI (223) cpu_start: Max chip rev:     v0.99 [0m
[0;32mI (228) cpu_start: Chip rev:         v0.2[0m
[0;32mI (233) heap_init: Initializing. RAM available for dynamic allocation:[0m
[0;32mI (240) heap_init: At 3FC95018 len 000546F8 (337 KiB): RAM[0m
[0;32mI (246) heap_init: At 3FCE9710 len 00005724 (21 KiB): RAM[0m
[0;32mI (252) heap_init: At 3FCF0000 len 00008000 (32 KiB): DRAM[0m
[0;32mI (259) heap_init: At 600FE010 len 00001FD8 (7 KiB): RTCRAM[0m
[0;32mI (266) spi_flash: detected chip: generic[0m
[0;32mI (270) spi_flash: flash io: dio[0m
[0;32mI (274) sleep: Configure to isolate all GPIO pins in sleep state[0m
[0;32mI (280) sleep: Enable automatic switching of GPIO sleep configuration[0m
[0;32mI (288) main_task: Started on CPU0[0m
[0;32mI (318) main_task: Calling app_main()[0m
Hello world!
This is esp32s3 chip with 2 CPU core(s), WiFi/BLE, silicon revision v0.2, 16MB external flash
Minimum free heap size: 386744 bytes
Restarting in 10 seconds...
Restarting in 9 seconds...
Restarting in 8 seconds...
Restarting in 7 seconds...
Restarting in 6 seconds...
Restarting in 5 seconds...
Restarting in 4 seconds...
Restarting in 3 seconds...
Restarting in 2 seconds...
Restarting in 1 seconds...
Restarting in 0 seconds...
Restarting now.
ESP-ROM:esp32s3-20210327
Build:Mar 27 2021
rst:0xc (RTC_SW_CPU_RST),boot:0x8 (SPI_FAST_FLASH_BOOT)
Saved PC:0x403758cc
SPIWP:0xee
mode:DIO, clock div:1
load:0x3fce3810,len:0x178c
load:0x403c9700,len:0x4
load:0x403c9704,len:0xcb8
load:0x403cc700,len:0x2d80
entry 0x403c9914
[0;32mI (31) boot: ESP-IDF v5.3-dev-1196-gece73357ca 2nd stage bootloader[0m
[0;32mI (31) boot: compile time Jan  3 2024 19:13:30[0m
[0;32mI (32) boot: Multicore bootloader[0m
[0;32mI (36) boot: chip revision: v0.2[0m
[0;32mI (40) boot.esp32s3: Boot SPI Speed : 80MHz[0m
[0;32mI (45) boot.esp32s3: SPI Mode       : DIO[0m
[0;32mI (49) boot.esp32s3: SPI Flash Size : 16MB[0m
[0;32mI (54) boot: Enabling RNG early entropy source...[0m
[0;32mI (60) boot: Partition Table:[0m
[0;32mI (63) boot: ## Label            Usage          Type ST Offset   Length[0m
[0;32mI (70) boot:  0 nvs              WiFi data        01 02 00009000 00006000[0m
[0;32mI (78) boot:  1 phy_init         RF data          01 01 0000f000 00001000[0m
[0;32mI (85) boot:  2 factory          factory app      00 00 00010000 00100000[0m
[0;32mI (93) boot: End of partition table[0m
[0;32mI (97) esp_image: segment 0: paddr=00010020 vaddr=3c020020 size=0ce90h ( 52880) map[0m
[0;32mI (115) esp_image: segment 1: paddr=0001ceb8 vaddr=3fc91e00 size=02938h ( 10552) load[0m
[0;32mI (117) esp_image: segment 2: paddr=0001f7f8 vaddr=40374000 size=00820h (  2080) load[0m
[0;32mI (123) esp_image: segment 3: paddr=00020020 vaddr=42000020 size=188cch (100556) map[0m
[0;32mI (149) esp_image: segment 4: paddr=000388f4 vaddr=40374820 size=0d594h ( 54676) load[0m
[0;32mI (167) boot: Loaded app from partition at offset 0x10000[0m
[0;32mI (167) boot: Disabling RNG early entropy source...[0m
[0;32mI (178) cpu_start: Multicore app[0m
[0;32mI (188) cpu_start: Pro cpu start user code[0m
[0;32mI (188) cpu_start: cpu freq: 160000000 Hz[0m
[0;32mI (188) cpu_start: Application information:[0m
[0;32mI (191) cpu_start: Project name:     hello_world[0m
[0;32mI (196) cpu_start: App version:      1[0m
[0;32mI (201) cpu_start: Compile time:     Jan  3 2024 19:13:19[0m
[0;32mI (207) cpu_start: ELF file SHA256:  ab12a44d8...[0m
[0;32mI (212) cpu_start: ESP-IDF:          v5.3-dev-1196-gece73357ca[0m
[0;32mI (219) cpu_start: Min chip rev:     v0.0[0m
[0;32mI (223) cpu_start: Max chip rev:     v0.99 [0m
[0;32mI (228) cpu_start: Chip rev:         v0.2[0m
[0;32mI (233) heap_init: Initializing. RAM available for dynamic allocation:[0m
[0;32mI (240) heap_init: At 3FC95018 len 000546F8 (337 KiB): RAM[0m
[0;32mI (246) heap_init: At 3FCE9710 len 00005724 (21 KiB): RAM[0m
[0;32mI (252) heap_init: At 3FCF0000 len 00008000 (32 KiB): DRAM[0m
[0;32mI (259) heap_init: At 600FE010 len 00001FD8 (7 KiB): RTCRAM[0m
[0;32mI (266) spi_flash: detected chip: generic[0m
[0;32mI (270) spi_flash: flash io: dio[0m
[0;32mI (274) sleep: Configure to isolate all GPIO pins in sleep state[0m
[0;32mI (280) sleep: Enable automatic switching of GPIO sleep configuration[0m
[0;32mI (288) main_task: Started on CPU0[0m
[0;32mI (318) main_task: Calling app_main()[0m
Hello world!
This is esp32s3 chip with 2 CPU core(s), WiFi/BLE, silicon revision v0.2, 16MB external flash
Minimum free heap size: 386744 bytes
Restarting in 10 seconds...
Restarting in 9 seconds...
Restarting in 8 seconds...
Restarting in 7 seconds...
Restarting in 6 seconds...
Restarting in 5 seconds...
Restarting in 4 seconds...
Restarting in 3 seconds...
Restarting in 2 seconds...
Restarting in 1 seconds...
Restarting in 0 seconds...
Restarting now.
ESP-ROM:esp32s3-20210327
Build:Mar 27 2021
rst:0xc (RTC_SW_CPU_RST),boot:0x8 (SPI_FAST_FLASH_BOOT)
Saved PC:0x403758cc
SPIWP:0xee
mode:DIO, clock div:1
load:0x3fce3810,len:0x178c
load:0x403c9700,len:0x4
load:0x403c9704,len:0xcb8
load:0x403cc700,len:0x2d80
entry 0x403c9914
[0;32mI (31) boot: ESP-IDF v5.3-dev-1196-gece73357ca 2nd stage bootloader[0m
[0;32mI (31) boot: compile time Jan  3 2024 19:13:30[0m
[0;32mI (32) boot: Multicore bootloader[0m
[0;32mI (36) boot: chip revision: v0.2[0m
[0;32mI (40) boot.esp32s3: Boot SPI Speed : 80MHz[0m
[0;32mI (45) boot.esp32s3: SPI Mode       : DIO[0m
[0;32mI (49) boot.esp32s3: SPI Flash Size : 16MB[0m
[0;32mI (54) boot: Enabling RNG early entropy source...[0m
[0;32mI (60) boot: Partition Table:[0m
[0;32mI (63) boot: ## Label            Usage          Type ST Offset   Length[0m
[0;32mI (70) boot:  0 nvs              WiFi data        01 02 00009000 00006000[0m
[0;32mI (78) boot:  1 phy_init         RF data          01 01 0000f000 00001000[0m
[0;32mI (85) boot:  2 factory          factory app      00 00 00010000 00100000[0m
[0;32mI (93) boot: End of partition table[0m
[0;32mI (97) esp_image: segment 0: paddr=00010020 vaddr=3c020020 size=0ce90h ( 52880) map[0m
[0;32mI (115) esp_image: segment 1: paddr=0001ceb8 vaddr=3fc91e00 size=02938h ( 10552) load[0m
[0;32mI (117) esp_image: segment 2: paddr=0001f7f8 vaddr=40374000 size=00820h (  2080) load[0m
[0;32mI (123) esp_image: segment 3: paddr=00020020 vaddr=42000020 size=188cch (100556) map[0m
[0;32mI (149) esp_image: segment 4: paddr=000388f4 vaddr=40374820 size=0d594h ( 54676) load[0m
[0;32mI (167) boot: Loaded app from partition at offset 0x10000[0m
[0;32mI (167) boot: Disabling RNG early entropy source...[0m
[0;32mI (178) cpu_start: Multicore app[0m
[0;32mI (188) cpu_start: Pro cpu start user code[0m
[0;32mI (188) cpu_start: cpu freq: 160000000 Hz[0m
[0;32mI (188) cpu_start: Application information:[0m
[0;32mI (191) cpu_start: Project name:     hello_world[0m
[0;32mI (196) cpu_start: App version:      1[0m
[0;32mI (201) cpu_start: Compile time:     Jan  3 2024 19:13:19[0m
[0;32mI (207) cpu_start: ELF file SHA256:  ab12a44d8...[0m
[0;32mI (212) cpu_start: ESP-IDF:          v5.3-dev-1196-gece73357ca[0m
[0;32mI (219) cpu_start: Min chip rev:     v0.0[0m
[0;32mI (223) cpu_start: Max chip rev:     v0.99 [0m
[0;32mI (228) cpu_start: Chip rev:         v0.2[0m
[0;32mI (233) heap_init: Initializing. RAM available for dynamic allocation:[0m
[0;32mI (240) heap_init: At 3FC95018 len 000546F8 (337 KiB): RAM[0m
[0;32mI (246) heap_init: At 3FCE9710 len 00005724 (21 KiB): RAM[0m
[0;32mI (252) heap_init: At 3FCF0000 len 00008000 (32 KiB): DRAM[0m
[0;32mI (259) heap_init: At 600FE010 len 00001FD8 (7 KiB): RTCRAM[0m
[0;32mI (266) spi_flash: detected chip: generic[0m
[0;32mI (270) spi_flash: flash io: dio[0m
[0;32mI (274) sleep: Configure to isolate all GPIO pins in sleep state[0m
[0;32mI (280) sleep: Enable automatic switching of GPIO sleep configuration[0m
[0;32mI (288) main_task: Started on CPU0[0m
[0;32mI (318) main_task: Calling app_main()[0m
Hello world!
This is esp32s3 chip with 2 CPU core(s), WiFi/BLE, silicon revision v0.2, 16MB external flash
Minimum free heap size: 386744 bytes
Restarting in 10 seconds...
Restarting in 9 seconds...
Restarting in 8 seconds...
Restarting in 7 seconds...
Restarting in 6 seconds...
Restarting in 5 seconds...
Restarting in 4 seconds...
Restarting in 3 seconds...
Restarting in 2 seconds...
Restarting in 1 seconds...
Restarting in 0 seconds...
Restarting now.
ESP-ROM:esp32s3-20210327
Build:Mar 27 2021
rst:0xc (RTC_SW_CPU_RST),boot:0x8 (SPI_FAST_FLASH_BOOT)
Saved PC:0x403758cc
SPIWP:0xee
mode:DIO, clock div:1
load:0x3fce3810,len:0x178c
load:0x403c9700,len:0x4
load:0x403c9704,len:0xcb8
load:0x403cc700,len:0x2d80
entry 0x403c9914
[0;32mI (31) boot: ESP-IDF v5.3-dev-1196-gece73357ca 2nd stage bootloader[0m
[0;32mI (31) boot: compile time Jan  3 2024 19:13:30[0m
[0;32mI (32) boot: Multicore bootloader[0m
[0;32mI (36) boot: chip revision: v0.2[0m
[0;32mI (40) boot.esp32s3: Boot SPI Speed : 80MHz[0m
[0;32mI (45) boot.esp32s3: SPI Mode       : DIO[0m
[0;32mI (49) boot.esp32s3: SPI Flash Size : 16MB[0m
[0;32mI (54) boot: Enabling RNG early entropy source...[0m
[0;32mI (60) boot: Partition Table:[0m
[0;32mI (63) boot: ## Label            Usage          Type ST Offset   Length[0m
[0;32mI (70) boot:  0 nvs              WiFi data        01 02 00009000 00006000[0m
[0;32mI (78) boot:  1 phy_init         RF data          01 01 0000f000 00001000[0m
[0;32mI (85) boot:  2 factory          factory app      00 00 00010000 00100000[0m
[0;32mI (93) boot: End of partition table[0m
[0;32mI (97) esp_image: segment 0: paddr=00010020 vaddr=3c020020 size=0ce90h ( 52880) map[0m
[0;32mI (115) esp_image: segment 1: paddr=0001ceb8 vaddr=3fc91e00 size=02938h ( 10552) load[0m
[0;32mI (117) esp_image: segment 2: paddr=0001f7f8 vaddr=40374000 size=00820h (  2080) load[0m
[0;32mI (123) esp_image: segment 3: paddr=00020020 vaddr=42000020 size=188cch (100556) map[0m
[0;32mI (149) esp_image: segment 4: paddr=000388f4 vaddr=40374820 size=0d594h ( 54676) load[0m
[0;32mI (167) boot: Loaded app from partition at offset 0x10000[0m
[0;32mI (167) boot: Disabling RNG early entropy source...[0m
[0;32mI (178) cpu_start: Multicore app[0m
[0;32mI (188) cpu_start: Pro cpu start user code[0m
[0;32mI (188) cpu_start: cpu freq: 160000000 Hz[0m
[0;32mI (188) cpu_start: Application information:[0m
[0;32mI (191) cpu_start: Project name:     hello_world[0m
[0;32mI (196) cpu_start: App version:      1[0m
[0;32mI (201) cpu_start: Compile time:     Jan  3 2024 19:13:19[0m
[0;32mI (207) cpu_start: ELF file SHA256:  ab12a44d8...[0m
[0;32mI (212) cpu_start: ESP-IDF:          v5.3-dev-1196-gece73357ca[0m
[0;32mI (219) cpu_start: Min chip rev:     v0.0[0m
[0;32mI (223) cpu_start: Max chip rev:     v0.99 [0m
[0;32mI (228) cpu_start: Chip rev:         v0.2[0m
[0;32mI (233) heap_init: Initializing. RAM available for dynamic allocation:[0m
[0;32mI (240) heap_init: At 3FC95018 len 000546F8 (337 KiB): RAM[0m
[0;32mI (246) heap_init: At 3FCE9710 len 00005724 (21 KiB): RAM[0m
[0;32mI (252) heap_init: At 3FCF0000 len 00008000 (32 KiB): DRAM[0m
[0;32mI (259) heap_init: At 600FE010 len 00001FD8 (7 KiB): RTCRAM[0m
[0;32mI (266) spi_flash: detected chip: generic[0m
[0;32mI (270) spi_flash: flash io: dio[0m
[0;32mI (274) sleep: Configure to isolate all GPIO pins in sleep state[0m
[0;32mI (280) sleep: Enable automatic switching of GPIO sleep configuration[0m
[0;32mI (288) main_task: Started on CPU0[0m
[0;32mI (318) main_task: Calling app_main()[0m
Hello world!
This is esp32s3 chip with 2 CPU core(s), WiFi/BLE, silicon revision v0.2, 16MB external flash
Minimum free heap size: 386744 bytes
Restarting in 10 seconds...
Restarting in 9 seconds...
Restarting in 8 seconds...
Restarting in 7 seconds...
Restarting in 6 seconds...
Restarting in 5 seconds...
Restarting in 4 seconds...
Restarting in 3 seconds...
Restarting in 2 seconds...
Restarting in 1 seconds...
Restarting in 0 seconds...
Restarting now.
ESP-ROM:esp32s3-20210327
Build:Mar 27 2021
rst:0xc (RTC_SW_CPU_RST),boot:0x8 (SPI_FAST_FLASH_BOOT)
Saved PC:0x403758cc
SPIWP:0xee
mode:DIO, clock div:1
load:0x3fce3810,len:0x178c
load:0x403c9700,len:0x4
load:0x403c9704,len:0xcb8
load:0x403cc700,len:0x2d80
entry 0x403c9914
[0;32mI (31) boot: ESP-IDF v5.3-dev-1196-gece73357ca 2nd stage bootloader[0m
[0;32mI (31) boot: compile time Jan  3 2024 19:13:30[0m
[0;32mI (32) boot: Multicore bootloader[0m
[0;32mI (36) boot: chip revision: v0.2[0m
[0;32mI (40) boot.esp32s3: Boot SPI Speed : 80MHz[0m
[0;32mI (45) boot.esp32s3: SPI Mode       : DIO[0m
[0;32mI (49) boot.esp32s3: SPI Flash Size : 16MB[0m
[0;32mI (54) boot: Enabling RNG early entropy source...[0m
[0;32mI (60) boot: Partition Table:[0m
[0;32mI (63) boot: ## Label            Usage          Type ST Offset   Length[0m
[0;32mI (70) boot:  0 nvs              WiFi data        01 02 00009000 00006000[0m
[0;32mI (78) boot:  1 phy_init         RF data          01 01 0000f000 00001000[0m
[0;32mI (85) boot:  2 factory          factory app      00 00 00010000 00100000[0m
[0;32mI (93) boot: End of partition table[0m
[0;32mI (97) esp_image: segment 0: paddr=00010020 vaddr=3c020020 size=0ce90h ( 52880) map[0m
[0;32mI (115) esp_image: segment 1: paddr=0001ceb8 vaddr=3fc91e00 size=02938h ( 10552) load[0m
[0;32mI (117) esp_image: segment 2: paddr=0001f7f8 vaddr=40374000 size=00820h (  2080) load[0m
[0;32mI (123) esp_image: segment 3: paddr=00020020 vaddr=42000020 size=188cch (100556) map[0m
[0;32mI (149) esp_image: segment 4: paddr=000388f4 vaddr=40374820 size=0d594h ( 54676) load[0m
[0;32mI (167) boot: Loaded app from partition at offset 0x10000[0m
[0;32mI (167) boot: Disabling RNG early entropy source...[0m
[0;32mI (178) cpu_start: Multicore app[0m
[0;32mI (188) cpu_start: Pro cpu start user code[0m
[0;32mI (188) cpu_start: cpu freq: 160000000 Hz[0m
[0;32mI (188) cpu_start: Application information:[0m
[0;32mI (191) cpu_start: Project name:     hello_world[0m
[0;32mI (196) cpu_start: App version:      1[0m
[0;32mI (201) cpu_start: Compile time:     Jan  3 2024 19:13:19[0m
[0;32mI (207) cpu_start: ELF file SHA256:  ab12a44d8...[0m
[0;32mI (212) cpu_start: ESP-IDF:          v5.3-dev-1196-gece73357ca[0m
[0;32mI (219) cpu_start: Min chip rev:     v0.0[0m
[0;32mI (223) cpu_start: Max chip rev:     v0.99 [0m
[0;32mI (228) cpu_start: Chip rev:         v0.2[0m
[0;32mI (233) heap_init: Initializing. RAM available for dynamic allocation:[0m
[0;32mI (240) heap_init: At 3FC95018 len 000546F8 (337 KiB): RAM[0m
[0;32mI (246) heap_init: At 3FCE9710 len 00005724 (21 KiB): RAM[0m
[0;32mI (252) heap_init: At 3FCF0000 len 00008000 (32 KiB): DRAM[0m
[0;32mI (259) heap_init: At 600FE010 len 00001FD8 (7 KiB): RTCRAM[0m
[0;32mI (266) spi_flash: detected chip: generic[0m
[0;32mI (270) spi_flash: flash io: dio[0m
[0;32mI (274) sleep: Configure to isolate all GPIO pins in sleep state[0m
[0;32mI (280) sleep: Enable automatic switching of GPIO sleep configuration[0m
[0;32mI (288) main_task: Started on CPU0[0m
[0;32mI (318) main_task: Calling app_main()[0m
Hello world!
This is esp32s3 chip with 2 CPU core(s), WiFi/BLE, silicon revision v0.2, 16MB external flash
Minimum free heap size: 386744 bytes
Restarting in 10 seconds...
Restarting in 9 seconds...
Restarting in 8 seconds...
Restarting in 7 seconds...
Restarting in 6 seconds...
Restarting in 5 seconds...
Restarting in 4 seconds...
Restarting in 3 seconds...
Restarting in 2 seconds...
Restarting in 1 seconds...
Restarting in 0 seconds...
Restarting now.
ESP-ROM:esp32s3-20210327
Build:Mar 27 2021
rst:0xc (RTC_SW_CPU_RST),boot:0x8 (SPI_FAST_FLASH_BOOT)
Saved PC:0x403758cc
SPIWP:0xee
mode:DIO, clock div:1
load:0x3fce3810,len:0x178c
load:0x403c9700,len:0x4
load:0x403c9704,len:0xcb8
load:0x403cc700,len:0x2d80
entry 0x403c9914
[0;32mI (31) boot: ESP-IDF v5.3-dev-1196-gece73357ca 2nd stage bootloader[0m
[0;32mI (31) boot: compile time Jan  3 2024 19:13:30[0m
[0;32mI (32) boot: Multicore bootloader[0m
[0;32mI (36) boot: chip revision: v0.2[0m
[0;32mI (40) boot.esp32s3: Boot SPI Speed : 80MHz[0m
[0;32mI (45) boot.esp32s3: SPI Mode       : DIO[0m
[0;32mI (49) boot.esp32s3: SPI Flash Size : 16MB[0m
[0;32mI (54) boot: Enabling RNG early entropy source...[0m
[0;32mI (60) boot: Partition Table:[0m
[0;32mI (63) boot: ## Label            Usage          Type ST Offset   Length[0m
[0;32mI (70) boot:  0 nvs              WiFi data        01 02 00009000 00006000[0m
[0;32mI (78) boot:  1 phy_init         RF data          01 01 0000f000 00001000[0m
[0;32mI (85) boot:  2 factory          factory app      00 00 00010000 00100000[0m
[0;32mI (93) boot: End of partition table[0m
[0;32mI (97) esp_image: segment 0: paddr=00010020 vaddr=3c020020 size=0ce90h ( 52880) map[0m
[0;32mI (115) esp_image: segment 1: paddr=0001ceb8 vaddr=3fc91e00 size=02938h ( 10552) load[0m
[0;32mI (117) esp_image: segment 2: paddr=0001f7f8 vaddr=40374000 size=00820h (  2080) load[0m
[0;32mI (123) esp_image: segment 3: paddr=00020020 vaddr=42000020 size=188cch (100556) map[0m
[0;32mI (149) esp_image: segment 4: paddr=000388f4 vaddr=40374820 size=0d594h ( 54676) load[0m
[0;32mI (167) boot: Loaded app from partition at offset 0x10000[0m
[0;32mI (167) boot: Disabling RNG early entropy source...[0m
[0;32mI (178) cpu_start: Multicore app[0m
[0;32mI (188) cpu_start: Pro cpu start user code[0m
[0;32mI (188) cpu_start: cpu freq: 160000000 Hz[0m
[0;32mI (188) cpu_start: Application information:[0m
[0;32mI (191) cpu_start: Project name:     hello_world[0m
[0;32mI (196) cpu_start: App version:      1[0m
[0;32mI (201) cpu_start: Compile time:     Jan  3 2024 19:13:19[0m
[0;32mI (207) cpu_start: ELF file SHA256:  ab12a44d8...[0m
[0;32mI (212) cpu_start: ESP-IDF:          v5.3-dev-1196-gece73357ca[0m
[0;32mI (219) cpu_start: Min chip rev:     v0.0[0m
[0;32mI (223) cpu_start: Max chip rev:     v0.99 [0m
[0;32mI (228) cpu_start: Chip rev:         v0.2[0m
[0;32mI (233) heap_init: Initializing. RAM available for dynamic allocation:[0m
[0;32mI (240) heap_init: At 3FC95018 len 000546F8 (337 KiB): RAM[0m
[0;32mI (246) heap_init: At 3FCE9710 len 00005724 (21 KiB): RAM[0m
[0;32mI (252) heap_init: At 3FCF0000 len 00008000 (32 KiB): DRAM[0m
[0;32mI (259) heap_init: At 600FE010 len 00001FD8 (7 KiB): RTCRAM[0m
[0;32mI (266) spi_flash: detected chip: generic[0m
[0;32mI (270) spi_flash: flash io: dio[0m
[0;32mI (274) sleep: Configure to isolate all GPIO pins in sleep state[0m
[0;32mI (280) sleep: Enable automatic switching of GPIO sleep configuration[0m
[0;32mI (288) main_task: Started on CPU0[0m
[0;32mI (318) main_task: Calling app_main()[0m
Hello world!
This is esp32s3 chip with 2 CPU core(s), WiFi/BLE, silicon revision v0.2, 16MB external flash
Minimum free heap size: 386744 bytes
Restarting in 10 seconds...
Restarting in 9 seconds...
Restarting in 8 seconds...
Restarting in 7 seconds...
Restarting in 6 seconds...
Restarting in 5 seconds...
Restarting in 4 seconds...
Restarting in 3 seconds...
Restarting in 2 seconds...
Restarting in 1 seconds...
Restarting in 0 seconds...
Restarting now.
ESP-ROM:esp32s3-20210327
Build:Mar 27 2021
rst:0xc (RTC_SW_CPU_RST),boot:0x8 (SPI_FAST_FLASH_BOOT)
Saved PC:0x403758cc
SPIWP:0xee
mode:DIO, clock div:1
load:0x3fce3810,len:0x178c
load:0x403c9700,len:0x4
load:0x403c9704,len:0xcb8
load:0x403cc700,len:0x2d80
entry 0x403c9914
[0;32mI (31) boot: ESP-IDF v5.3-dev-1196-gece73357ca 2nd stage bootloader[0m
[0;32mI (31) boot: compile time Jan  3 2024 19:13:30[0m
[0;32mI (32) boot: Multicore bootloader[0m
[0;32mI (36) boot: chip revision: v0.2[0m
[0;32mI (40) boot.esp32s3: Boot SPI Speed : 80MHz[0m
[0;32mI (45) boot.esp32s3: SPI Mode       : DIO[0m
[0;32mI (49) boot.esp32s3: SPI Flash Size : 16MB[0m
[0;32mI (54) boot: Enabling RNG early entropy source...[0m
[0;32mI (60) boot: Partition Table:[0m
[0;32mI (63) boot: ## Label            Usage          Type ST Offset   Length[0m
[0;32mI (70) boot:  0 nvs              WiFi data        01 02 00009000 00006000[0m
[0;32mI (78) boot:  1 phy_init         RF data          01 01 0000f000 00001000[0m
[0;32mI (85) boot:  2 factory          factory app      00 00 00010000 00100000[0m
[0;32mI (93) boot: End of partition table[0m
[0;32mI (97) esp_image: segment 0: paddr=00010020 vaddr=3c020020 size=0ce90h ( 52880) map[0m
[0;32mI (115) esp_image: segment 1: paddr=0001ceb8 vaddr=3fc91e00 size=02938h ( 10552) load[0m
[0;32mI (117) esp_image: segment 2: paddr=0001f7f8 vaddr=40374000 size=00820h (  2080) load[0m
[0;32mI (123) esp_image: segment 3: paddr=00020020 vaddr=42000020 size=188cch (100556) map[0m
[0;32mI (149) esp_image: segment 4: paddr=000388f4 vaddr=40374820 size=0d594h ( 54676) load[0m
[0;32mI (167) boot: Loaded app from partition at offset 0x10000[0m
[0;32mI (167) boot: Disabling RNG early entropy source...[0m
[0;32mI (178) cpu_start: Multicore app[0m
[0;32mI (188) cpu_start: Pro cpu start user code[0m
[0;32mI (188) cpu_start: cpu freq: 160000000 Hz[0m
[0;32mI (188) cpu_start: Application information:[0m
[0;32mI (191) cpu_start: Project name:     hello_world[0m
[0;32mI (196) cpu_start: App version:      1[0m
[0;32mI (201) cpu_start: Compile time:     Jan  3 2024 19:13:19[0m
[0;32mI (207) cpu_start: ELF file SHA256:  ab12a44d8...[0m
[0;32mI (212) cpu_start: ESP-IDF:          v5.3-dev-1196-gece73357ca[0m
[0;32mI (219) cpu_start: Min chip rev:     v0.0[0m
[0;32mI (223) cpu_start: Max chip rev:     v0.99 [0m
[0;32mI (228) cpu_start: Chip rev:         v0.2[0m
[0;32mI (233) heap_init: Initializing. RAM available for dynamic allocation:[0m
[0;32mI (240) heap_init: At 3FC95018 len 000546F8 (337 KiB): RAM[0m
[0;32mI (246) heap_init: At 3FCE9710 len 00005724 (21 KiB): RAM[0m
[0;32mI (252) heap_init: At 3FCF0000 len 00008000 (32 KiB): DRAM[0m
[0;32mI (259) heap_init: At 600FE010 len 00001FD8 (7 KiB): RTCRAM[0m
[0;32mI (266) spi_flash: detected chip: generic[0m
[0;32mI (270) spi_flash: flash io: dio[0m
[0;32mI (274) sleep: Configure to isolate all GPIO pins in sleep state[0m
[0;32mI (280) sleep: Enable automatic switching of GPIO sleep configuration[0m
[0;32mI (288) main_task: Started on CPU0[0m
[0;32mI (318) main_task: Calling app_main()[0m
Hello world!
This is esp32s3 chip with 2 CPU core(s), WiFi/BLE, silicon revision v0.2, 16MB external flash
Minimum free heap size: 386744 bytes
Restarting in 10 seconds...
Restarting in 9 seconds...
Restarting in 8 seconds...
Restarting in 7 seconds...
Restarting in 6 seconds...
Restarting in 5 seconds...
Restarting in 4 seconds...
Restarting in 3 seconds...
Restarting in 2 seconds...
Restarting in 1 seconds...
Restarting in 0 seconds...
Restarting now.
ESP-ROM:esp32s3-20210327
Build:Mar 27 2021
rst:0xc (RTC_SW_CPU_RST),boot:0x8 (SPI_FAST_FLASH_BOOT)
Saved PC:0x403758cc
SPIWP:0xee
mode:DIO, clock div:1
load:0x3fce3810,len:0x178c
load:0x403c9700,len:0x4
load:0x403c9704,len:0xcb8
load:0x403cc700,len:0x2d80
entry 0x403c9914
[0;32mI (31) boot: ESP-IDF v5.3-dev-1196-gece73357ca 2nd stage bootloader[0m
[0;32mI (31) boot: compile time Jan  3 2024 19:13:30[0m
[0;32mI (32) boot: Multicore bootloader[0m
[0;32mI (36) boot: chip revision: v0.2[0m
[0;32mI (40) boot.esp32s3: Boot SPI Speed : 80MHz[0m
[0;32mI (45) boot.esp32s3: SPI Mode       : DIO[0m
[0;32mI (49) boot.esp32s3: SPI Flash Size : 16MB[0m
[0;32mI (54) boot: Enabling RNG early entropy source...[0m
[0;32mI (60) boot: Partition Table:[0m
[0;32mI (63) boot: ## Label            Usage          Type ST Offset   Length[0m
[0;32mI (70) boot:  0 nvs              WiFi data        01 02 00009000 00006000[0m
[0;32mI (78) boot:  1 phy_init         RF data          01 01 0000f000 00001000[0m
[0;32mI (85) boot:  2 factory          factory app      00 00 00010000 00100000[0m
[0;32mI (93) boot: End of partition table[0m
[0;32mI (97) esp_image: segment 0: paddr=00010020 vaddr=3c020020 size=0ce90h ( 52880) map[0m
[0;32mI (115) esp_image: segment 1: paddr=0001ceb8 vaddr=3fc91e00 size=02938h ( 10552) load[0m
[0;32mI (117) esp_image: segment 2: paddr=0001f7f8 vaddr=40374000 size=00820h (  2080) load[0m
[0;32mI (123) esp_image: segment 3: paddr=00020020 vaddr=42000020 size=188cch (100556) map[0m
[0;32mI (149) esp_image: segment 4: paddr=000388f4 vaddr=40374820 size=0d594h ( 54676) load[0m
[0;32mI (167) boot: Loaded app from partition at offset 0x10000[0m
[0;32mI (167) boot: Disabling RNG early entropy source...[0m
[0;32mI (178) cpu_start: Multicore app[0m
[0;32mI (188) cpu_start: Pro cpu start user code[0m
[0;32mI (188) cpu_start: cpu freq: 160000000 Hz[0m
[0;32mI (188) cpu_start: Application information:[0m
[0;32mI (191) cpu_start: Project name:     hello_world[0m
[0;32mI (196) cpu_start: App version:      1[0m
[0;32mI (201) cpu_start: Compile time:     Jan  3 2024 19:13:19[0m
[0;32mI (207) cpu_start: ELF file SHA256:  ab12a44d8...[0m
[0;32mI (212) cpu_start: ESP-IDF:          v5.3-dev-1196-gece73357ca[0m
[0;32mI (219) cpu_start: Min chip rev:     v0.0[0m
[0;32mI (223) cpu_start: Max chip rev:     v0.99 [0m
[0;32mI (228) cpu_start: Chip rev:         v0.2[0m
[0;32mI (233) heap_init: Initializing. RAM available for dynamic allocation:[0m
[0;32mI (240) heap_init: At 3FC95018 len 000546F8 (337 KiB): RAM[0m
[0;32mI (246) heap_init: At 3FCE9710 len 00005724 (21 KiB): RAM[0m
[0;32mI (252) heap_init: At 3FCF0000 len 00008000 (32 KiB): DRAM[0m
[0;32mI (259) heap_init: At 600FE010 len 00001FD8 (7 KiB): RTCRAM[0m
[0;32mI (266) spi_flash: detected chip: generic[0m
[0;32mI (270) spi_flash: flash io: dio[0m
[0;32mI (274) sleep: Configure to isolate all GPIO pins in sleep state[0m
[0;32mI (280) sleep: Enable automatic switching of GPIO sleep configuration[0m
[0;32mI (288) main_task: Started on CPU0[0m
[0;32mI (318) main_task: Calling app_main()[0m
Hello world!
This is esp32s3 chip with 2 CPU core(s), WiFi/BLE, silicon revision v0.2, 16MB external flash
Minimum free heap size: 386744 bytes
Restarting in 10 seconds...
Restarting in 9 seconds...
Restarting in 8 seconds...
Restarting in 7 seconds...
Restarting in 6 seconds...
Restarting in 5 seconds...
Restarting in 4 seconds...
Restarting in 3 seconds...
Restarting in 2 seconds...
Restarting in 1 seconds...
Restarting in 0 seconds...
Restarting now.
ESP-ROM:esp32s3-20210327
Build:Mar 27 2021
rst:0xc (RTC_SW_CPU_RST),boot:0x8 (SPI_FAST_FLASH_BOOT)
Saved PC:0x403758cc
SPIWP:0xee
mode:DIO, clock div:1
load:0x3fce3810,len:0x178c
load:0x403c9700,len:0x4
load:0x403c9704,len:0xcb8
load:0x403cc700,len:0x2d80
entry 0x403c9914
[0;32mI (31) boot: ESP-IDF v5.3-dev-1196-gece73357ca 2nd stage bootloader[0m
[0;32mI (31) boot: compile time Jan  3 2024 19:13:30[0m
[0;32mI (32) boot: Multicore bootloader[0m
[0;32mI (36) boot: chip revision: v0.2[0m
[0;32mI (40) boot.esp32s3: Boot SPI Speed : 80MHz[0m
[0;32mI (45) boot.esp32s3: SPI Mode       : DIO[0m
[0;32mI (49) boot.esp32s3: SPI Flash Size : 16MB[0m
[0;32mI (54) boot: Enabling RNG early entropy source...[0m
[0;32mI (60) boot: Partition Table:[0m
[0;32mI (63) boot: ## Label            Usage          Type ST Offset   Length[0m
[0;32mI (70) boot:  0 nvs              WiFi data        01 02 00009000 00006000[0m
[0;32mI (78) boot:  1 phy_init         RF data          01 01 0000f000 00001000[0m
[0;32mI (85) boot:  2 factory          factory app      00 00 00010000 00100000[0m
[0;32mI (93) boot: End of partition table[0m
[0;32mI (97) esp_image: segment 0: paddr=00010020 vaddr=3c020020 size=0ce90h ( 52880) map[0m
[0;32mI (115) esp_image: segment 1: paddr=0001ceb8 vaddr=3fc91e00 size=02938h ( 10552) load[0m
[0;32mI (117) esp_image: segment 2: paddr=0001f7f8 vaddr=40374000 size=00820h (  2080) load[0m
[0;32mI (123) esp_image: segment 3: paddr=00020020 vaddr=42000020 size=188cch (100556) map[0m
[0;32mI (149) esp_image: segment 4: paddr=000388f4 vaddr=40374820 size=0d594h ( 54676) load[0m
[0;32mI (167) boot: Loaded app from partition at offset 0x10000[0m
[0;32mI (167) boot: Disabling RNG early entropy source...[0m
[0;32mI (178) cpu_start: Multicore app[0m
[0;32mI (188) cpu_start: Pro cpu start user code[0m
[0;32mI (188) cpu_start: cpu freq: 160000000 Hz[0m
[0;32mI (188) cpu_start: Application information:[0m
[0;32mI (191) cpu_start: Project name:     hello_world[0m
[0;32mI (196) cpu_start: App version:      1[0m
[0;32mI (201) cpu_start: Compile time:     Jan  3 2024 19:13:19[0m
[0;32mI (207) cpu_start: ELF file SHA256:  ab12a44d8...[0m
[0;32mI (212) cpu_start: ESP-IDF:          v5.3-dev-1196-gece73357ca[0m
[0;32mI (219) cpu_start: Min chip rev:     v0.0[0m
[0;32mI (223) cpu_start: Max chip rev:     v0.99 [0m
[0;32mI (228) cpu_start: Chip rev:         v0.2[0m
[0;32mI (233) heap_init: Initializing. RAM available for dynamic allocation:[0m
[0;32mI (240) heap_init: At 3FC95018 len 000546F8 (337 KiB): RAM[0m
[0;32mI (246) heap_init: At 3FCE9710 len 00005724 (21 KiB): RAM[0m
[0;32mI (252) heap_init: At 3FCF0000 len 00008000 (32 KiB): DRAM[0m
[0;32mI (259) heap_init: At 600FE010 len 00001FD8 (7 KiB): RTCRAM[0m
[0;32mI (266) spi_flash: detected chip: generic[0m
[0;32mI (270) spi_flash: flash io: dio[0m
[0;32mI (274) sleep: Configure to isolate all GPIO pins in sleep state[0m
[0;32mI (280) sleep: Enable automatic switching of GPIO sleep configuration[0m
[0;32mI (288) main_task: Started on CPU0[0m
[0;32mI (318) main_task: Calling app_main()[0m
Hello world!
This is esp32s3 chip with 2 CPU core(s), WiFi/BLE, silicon revision v0.2, 16MB external flash
Minimum free heap size: 386744 bytes
Restarting in 10 seconds...
Restarting in 9 seconds...
Restarting in 8 seconds...
Restarting in 7 seconds...
Restarting in 6 seconds...
Restarting in 5 seconds...
Restarting in 4 seconds...
Restarting in 3 seconds...
Restarting in 2 seconds...
Restarting in 1 seconds...
Restarting in 0 seconds...
Restarting now.
ESP-ROM:esp32s3-20210327
Build:Mar 27 2021
rst:0xc (RTC_SW_CPU_RST),boot:0x8 (SPI_FAST_FLASH_BOOT)
Saved PC:0x403758cc
SPIWP:0xee
mode:DIO, clock div:1
load:0x3fce3810,len:0x178c
load:0x403c9700,len:0x4
load:0x403c9704,len:0xcb8
load:0x403cc700,len:0x2d80
entry 0x403c9914
[0;32mI (31) boot: ESP-IDF v5.3-dev-1196-gece73357ca 2nd stage bootloader[0m
[0;32mI (31) boot: compile time Jan  3 2024 19:13:30[0m
[0;32mI (32) boot: Multicore bootloader[0m
[0;32mI (36) boot: chip revision: v0.2[0m
[0;32mI (40) boot.esp32s3: Boot SPI Speed : 80MHz[0m
[0;32mI (45) boot.esp32s3: SPI Mode       : DIO[0m
[0;32mI (49) boot.esp32s3: SPI Flash Size : 16MB[0m
[0;32mI (54) boot: Enabling RNG early entropy source...[0m
[0;32mI (60) boot: Partition Table:[0m
[0;32mI (63) boot: ## Label            Usage          Type ST Offset   Length[0m
[0;32mI (70) boot:  0 nvs              WiFi data        01 02 00009000 00006000[0m
[0;32mI (78) boot:  1 phy_init         RF data          01 01 0000f000 00001000[0m
[0;32mI (85) boot:  2 factory          factory app      00 00 00010000 00100000[0m
[0;32mI (93) boot: End of partition table[0m
[0;32mI (97) esp_image: segment 0: paddr=00010020 vaddr=3c020020 size=0ce90h ( 52880) map[0m
[0;32mI (115) esp_image: segment 1: paddr=0001ceb8 vaddr=3fc91e00 size=02938h ( 10552) load[0m
[0;32mI (117) esp_image: segment 2: paddr=0001f7f8 vaddr=40374000 size=00820h (  2080) load[0m
[0;32mI (123) esp_image: segment 3: paddr=00020020 vaddr=42000020 size=188cch (100556) map[0m
[0;32mI (149) esp_image: segment 4: paddr=000388f4 vaddr=40374820 size=0d594h ( 54676) load[0m
[0;32mI (167) boot: Loaded app from partition at offset 0x10000[0m
[0;32mI (167) boot: Disabling RNG early entropy source...[0m
[0;32mI (178) cpu_start: Multicore app[0m
[0;32mI (188) cpu_start: Pro cpu start user code[0m
[0;32mI (188) cpu_start: cpu freq: 160000000 Hz[0m
[0;32mI (188) cpu_start: Application information:[0m
[0;32mI (191) cpu_start: Project name:     hello_world[0m
[0;32mI (196) cpu_start: App version:      1[0m
[0;32mI (201) cpu_start: Compile time:     Jan  3 2024 19:13:19[0m
[0;32mI (207) cpu_start: ELF file SHA256:  ab12a44d8...[0m
[0;32mI (212) cpu_start: ESP-IDF:          v5.3-dev-1196-gece73357ca[0m
[0;32mI (219) cpu_start: Min chip rev:     v0.0[0m
[0;32mI (223) cpu_start: Max chip rev:     v0.99 [0m
[0;32mI (228) cpu_start: Chip rev:         v0.2[0m
[0;32mI (233) heap_init: Initializing. RAM available for dynamic allocation:[0m
[0;32mI (240) heap_init: At 3FC95018 len 000546F8 (337 KiB): RAM[0m
[0;32mI (246) heap_init: At 3FCE9710 len 00005724 (21 KiB): RAM[0m
[0;32mI (252) heap_init: At 3FCF0000 len 00008000 (32 KiB): DRAM[0m
[0;32mI (259) heap_init: At 600FE010 len 00001FD8 (7 KiB): RTCRAM[0m
[0;32mI (266) spi_flash: detected chip: generic[0m
[0;32mI (270) spi_flash: flash io: dio[0m
[0;32mI (274) sleep: Configure to isolate all GPIO pins in sleep state[0m
[0;32mI (280) sleep: Enable automatic switching of GPIO sleep configuration[0m
[0;32mI (288) main_task: Started on CPU0[0m
[0;32mI (318) main_task: Calling app_main()[0m
Hello world!
This is esp32s3 chip with 2 CPU core(s), WiFi/BLE, silicon revision v0.2, 16MB external flash
Minimum free heap size: 386744 bytes
Restarting in 10 seconds...
Restarting in 9 seconds...
Restarting in 8 seconds...
Restarting in 7 seconds...
Restarting in 6 seconds...
Restarting in 5 seconds...
Restarting in 4 seconds...
Restarting in 3 seconds...
Restarting in 2 seconds...
Restarting in 1 seconds...
Restarting in 0 seconds...
Restarting now.
ESP-ROM:esp32s3-20210327
Build:Mar 27 2021
rst:0xc (RTC_SW_CPU_RST),boot:0x8 (SPI_FAST_FLASH_BOOT)
Saved PC:0x403758cc
SPIWP:0xee
mode:DIO, clock div:1
load:0x3fce3810,len:0x178c
load:0x403c9700,len:0x4
load:0x403c9704,len:0xcb8
load:0x403cc700,len:0x2d80
entry 0x403c9914
[0;32mI (31) boot: ESP-IDF v5.3-dev-1196-gece73357ca 2nd stage bootloader[0m
[0;32mI (31) boot: compile time Jan  3 2024 19:13:30[0m
[0;32mI (32) boot: Multicore bootloader[0m
[0;32mI (36) boot: chip revision: v0.2[0m
[0;32mI (40) boot.esp32s3: Boot SPI Speed : 80MHz[0m
[0;32mI (45) boot.esp32s3: SPI Mode       : DIO[0m
[0;32mI (49) boot.esp32s3: SPI Flash Size : 16MB[0m
[0;32mI (54) boot: Enabling RNG early entropy source...[0m
[0;32mI (60) boot: Partition Table:[0m
[0;32mI (63) boot: ## Label            Usage          Type ST Offset   Length[0m
[0;32mI (70) boot:  0 nvs              WiFi data        01 02 00009000 00006000[0m
[0;32mI (78) boot:  1 phy_init         RF data          01 01 0000f000 00001000[0m
[0;32mI (85) boot:  2 factory          factory app      00 00 00010000 00100000[0m
[0;32mI (93) boot: End of partition table[0m
[0;32mI (97) esp_image: segment 0: paddr=00010020 vaddr=3c020020 size=0ce90h ( 52880) map[0m
[0;32mI (115) esp_image: segment 1: paddr=0001ceb8 vaddr=3fc91e00 size=02938h ( 10552) load[0m
[0;32mI (117) esp_image: segment 2: paddr=0001f7f8 vaddr=40374000 size=00820h (  2080) load[0m
[0;32mI (123) esp_image: segment 3: paddr=00020020 vaddr=42000020 size=188cch (100556) map[0m
[0;32mI (149) esp_image: segment 4: paddr=000388f4 vaddr=40374820 size=0d594h ( 54676) load[0m
[0;32mI (167) boot: Loaded app from partition at offset 0x10000[0m
[0;32mI (167) boot: Disabling RNG early entropy source...[0m
[0;32mI (178) cpu_start: Multicore app[0m
[0;32mI (188) cpu_start: Pro cpu start user code[0m
[0;32mI (188) cpu_start: cpu freq: 160000000 Hz[0m
[0;32mI (188) cpu_start: Application information:[0m
[0;32mI (191) cpu_start: Project name:     hello_world[0m
[0;32mI (196) cpu_start: App version:      1[0m
[0;32mI (201) cpu_start: Compile time:     Jan  3 2024 19:13:19[0m
[0;32mI (207) cpu_start: ELF file SHA256:  ab12a44d8...[0m
[0;32mI (212) cpu_start: ESP-IDF:          v5.3-dev-1196-gece73357ca[0m
[0;32mI (219) cpu_start: Min chip rev:     v0.0[0m
[0;32mI (223) cpu_start: Max chip rev:     v0.99 [0m
[0;32mI (228) cpu_start: Chip rev:         v0.2[0m
[0;32mI (233) heap_init: Initializing. RAM available for dynamic allocation:[0m
[0;32mI (240) heap_init: At 3FC95018 len 000546F8 (337 KiB): RAM[0m
[0;32mI (246) heap_init: At 3FCE9710 len 00005724 (21 KiB): RAM[0m
[0;32mI (252) heap_init: At 3FCF0000 len 00008000 (32 KiB): DRAM[0m
[0;32mI (259) heap_init: At 600FE010 len 00001FD8 (7 KiB): RTCRAM[0m
[0;32mI (266) spi_flash: detected chip: generic[0m
[0;32mI (270) spi_flash: flash io: dio[0m
[0;32mI (274) sleep: Configure to isolate all GPIO pins in sleep state[0m
[0;32mI (280) sleep: Enable automatic switching of GPIO sleep configuration[0m
[0;32mI (288) main_task: Started on CPU0[0m
[0;32mI (318) main_task: Calling app_main()[0m
Hello world!
This is esp32s3 chip with 2 CPU core(s), WiFi/BLE, silicon revision v0.2, 16MB external flash
Minimum free heap size: 386744 bytes
Restarting in 10 seconds...
Restarting in 9 seconds...
Restarting in 8 seconds...
Restarting in 7 seconds...
Restarting in 6 seconds...
Restarting in 5 seconds...
Restarting in 4 seconds...
Restarting in 3 seconds...
Restarting in 2 seconds...
Restarting in 1 seconds...
Restarting in 0 seconds...
Restarting now.
ESP-ROM:esp32s3-20210327
Build:Mar 27 2021
rst:0xc (RTC_SW_CPU_RST),boot:0x8 (SPI_FAST_FLASH_BOOT)
Saved PC:0x403758cc
SPIWP:0xee
mode:DIO, clock div:1
load:0x3fce3810,len:0x178c
load:0x403c9700,len:0x4
load:0x403c9704,len:0xcb8
load:0x403cc700,len:0x2d80
entry 0x403c9914
[0;32mI (31) boot: ESP-IDF v5.3-dev-1196-gece73357ca 2nd stage bootloader[0m
[0;32mI (31) boot: compile time Jan  3 2024 19:13:30[0m
[0;32mI (32) boot: Multicore bootloader[0m
[0;32mI (36) boot: chip revision: v0.2[0m
[0;32mI (40) boot.esp32s3: Boot SPI Speed : 80MHz[0m
[0;32mI (45) boot.esp32s3: SPI Mode       : DIO[0m
[0;32mI (49) boot.esp32s3: SPI Flash Size : 16MB[0m
[0;32mI (54) boot: Enabling RNG early entropy source...[0m
[0;32mI (60) boot: Partition Table:[0m
[0;32mI (63) boot: ## Label            Usage          Type ST Offset   Length[0m
[0;32mI (70) boot:  0 nvs              WiFi data        01 02 00009000 00006000[0m
[0;32mI (78) boot:  1 phy_init         RF data          01 01 0000f000 00001000[0m
[0;32mI (85) boot:  2 factory          factory app      00 00 00010000 00100000[0m
[0;32mI (93) boot: End of partition table[0m
[0;32mI (97) esp_image: segment 0: paddr=00010020 vaddr=3c020020 size=0ce90h ( 52880) map[0m
[0;32mI (115) esp_image: segment 1: paddr=0001ceb8 vaddr=3fc91e00 size=02938h ( 10552) load[0m
[0;32mI (117) esp_image: segment 2: paddr=0001f7f8 vaddr=40374000 size=00820h (  2080) load[0m
[0;32mI (123) esp_image: segment 3: paddr=00020020 vaddr=42000020 size=188cch (100556) map[0m
[0;32mI (149) esp_image: segment 4: paddr=000388f4 vaddr=40374820 size=0d594h ( 54676) load[0m
[0;32mI (167) boot: Loaded app from partition at offset 0x10000[0m
[0;32mI (167) boot: Disabling RNG early entropy source...[0m
[0;32mI (178) cpu_start: Multicore app[0m
[0;32mI (188) cpu_start: Pro cpu start user code[0m
[0;32mI (188) cpu_start: cpu freq: 160000000 Hz[0m
[0;32mI (188) cpu_start: Application information:[0m
[0;32mI (191) cpu_start: Project name:     hello_world[0m
[0;32mI (196) cpu_start: App version:      1[0m
[0;32mI (201) cpu_start: Compile time:     Jan  3 2024 19:13:19[0m
[0;32mI (207) cpu_start: ELF file SHA256:  ab12a44d8...[0m
[0;32mI (212) cpu_start: ESP-IDF:          v5.3-dev-1196-gece73357ca[0m
[0;32mI (219) cpu_start: Min chip rev:     v0.0[0m
[0;32mI (223) cpu_start: Max chip rev:     v0.99 [0m
[0;32mI (228) cpu_start: Chip rev:         v0.2[0m
[0;32mI (233) heap_init: Initializing. RAM available for dynamic allocation:[0m
[0;32mI (240) heap_init: At 3FC95018 len 000546F8 (337 KiB): RAM[0m
[0;32mI (246) heap_init: At 3FCE9710 len 00005724 (21 KiB): RAM[0m
[0;32mI (252) heap_init: At 3FCF0000 len 00008000 (32 KiB): DRAM[0m
[0;32mI (259) heap_init: At 600FE010 len 00001FD8 (7 KiB): RTCRAM[0m
[0;32mI (266) spi_flash: detected chip: generic[0m
[0;32mI (270) spi_flash: flash io: dio[0m
[0;32mI (274) sleep: Configure to isolate all GPIO pins in sleep state[0m
[0;32mI (280) sleep: Enable automatic switching of GPIO sleep configuration[0m
[0;32mI (288) main_task: Started on CPU0[0m
[0;32mI (318) main_task: Calling app_main()[0m
Hello world!
This is esp32s3 chip with 2 CPU core(s), WiFi/BLE, silicon revision v0.2, 16MB external flash
Minimum free heap size: 386744 bytes
Restarting in 10 seconds...
Restarting in 9 seconds...
Restarting in 8 seconds...
Restarting in 7 seconds...
Restarting in 6 seconds...
Restarting in 5 seconds...
Restarting in 4 seconds...
Restarting in 3 seconds...
Restarting in 2 seconds...
Restarting in 1 seconds...
Restarting in 0 seconds...
Restarting now.
ESP-ROM:esp32s3-20210327
Build:Mar 27 2021
rst:0xc (RTC_SW_CPU_RST),boot:0x8 (SPI_FAST_FLASH_BOOT)
Saved PC:0x403758cc
SPIWP:0xee
mode:DIO, clock div:1
load:0x3fce3810,len:0x178c
load:0x403c9700,len:0x4
load:0x403c9704,len:0xcb8
load:0x403cc700,len:0x2d80
entry 0x403c9914
[0;32mI (31) boot: ESP-IDF v5.3-dev-1196-gece73357ca 2nd stage bootloader[0m
[0;32mI (31) boot: compile time Jan  3 2024 19:13:30[0m
[0;32mI (32) boot: Multicore bootloader[0m
[0;32mI (36) boot: chip revision: v0.2[0m
[0;32mI (40) boot.esp32s3: Boot SPI Speed : 80MHz[0m
[0;32mI (45) boot.esp32s3: SPI Mode       : DIO[0m
[0;32mI (49) boot.esp32s3: SPI Flash Size : 16MB[0m
[0;32mI (54) boot: Enabling RNG early entropy source...[0m
[0;32mI (60) boot: Partition Table:[0m
[0;32mI (63) boot: ## Label            Usage          Type ST Offset   Length[0m
[0;32mI (70) boot:  0 nvs              WiFi data        01 02 00009000 00006000[0m
[0;32mI (78) boot:  1 phy_init         RF data          01 01 0000f000 00001000[0m
[0;32mI (85) boot:  2 factory          factory app      00 00 00010000 00100000[0m
[0;32mI (93) boot: End of partition table[0m
[0;32mI (97) esp_image: segment 0: paddr=00010020 vaddr=3c020020 size=0ce90h ( 52880) map[0m
[0;32mI (115) esp_image: segment 1: paddr=0001ceb8 vaddr=3fc91e00 size=02938h ( 10552) load[0m
[0;32mI (117) esp_image: segment 2: paddr=0001f7f8 vaddr=40374000 size=00820h (  2080) load[0m
[0;32mI (123) esp_image: segment 3: paddr=00020020 vaddr=42000020 size=188cch (100556) map[0m
[0;32mI (149) esp_image: segment 4: paddr=000388f4 vaddr=40374820 size=0d594h ( 54676) load[0m
[0;32mI (167) boot: Loaded app from partition at offset 0x10000[0m
[0;32mI (167) boot: Disabling RNG early entropy source...[0m
[0;32mI (178) cpu_start: Multicore app[0m
[0;32mI (188) cpu_start: Pro cpu start user code[0m
[0;32mI (188) cpu_start: cpu freq: 160000000 Hz[0m
[0;32mI (188) cpu_start: Application information:[0m
[0;32mI (191) cpu_start: Project name:     hello_world[0m
[0;32mI (196) cpu_start: App version:      1[0m
[0;32mI (201) cpu_start: Compile time:     Jan  3 2024 19:13:19[0m
[0;32mI (207) cpu_start: ELF file SHA256:  ab12a44d8...[0m
[0;32mI (212) cpu_start: ESP-IDF:          v5.3-dev-1196-gece73357ca[0m
[0;32mI (219) cpu_start: Min chip rev:     v0.0[0m
[0;32mI (223) cpu_start: Max chip rev:     v0.99 [0m
[0;32mI (228) cpu_start: Chip rev:         v0.2[0m
[0;32mI (233) heap_init: Initializing. RAM available for dynamic allocation:[0m
[0;32mI (240) heap_init: At 3FC95018 len 000546F8 (337 KiB): RAM[0m
[0;32mI (246) heap_init: At 3FCE9710 len 00005724 (21 KiB): RAM[0m
[0;32mI (252) heap_init: At 3FCF0000 len 00008000 (32 KiB): DRAM[0m
[0;32mI (259) heap_init: At 600FE010 len 00001FD8 (7 KiB): RTCRAM[0m
[0;32mI (266) spi_flash: detected chip: generic[0m
[0;32mI (270) spi_flash: flash io: dio[0m
[0;32mI (274) sleep: Configure to isolate all GPIO pins in sleep state[0m
[0;32mI (280) sleep: Enable automatic switching of GPIO sleep configuration[0m
[0;32mI (288) main_task: Started on CPU0[0m
[0;32mI (318) main_task: Calling app_main()[0m
Hello world!
This is esp32s3 chip with 2 CPU core(s), WiFi/BLE, silicon revision v0.2, 16MB external flash
Minimum free heap size: 386744 bytes
Restarting in 10 seconds...
Restarting in 9 seconds...
Restarting in 8 seconds...
Restarting in 7 seconds...
Restarting in 6 seconds...
Restarting in 5 seconds...
Restarting in 4 seconds...
Restarting in 3 seconds...
Restarting in 2 seconds...
Restarting in 1 seconds...
Restarting in 0 seconds...
Restarting now.
ESP-ROM:esp32s3-20210327
Build:Mar 27 2021
rst:0xc (RTC_SW_CPU_RST),boot:0x8 (SPI_FAST_FLASH_BOOT)
Saved PC:0x403758cc
SPIWP:0xee
mode:DIO, clock div:1
load:0x3fce3810,len:0x178c
load:0x403c9700,len:0x4
load:0x403c9704,len:0xcb8
load:0x403cc700,len:0x2d80
entry 0x403c9914
[0;32mI (31) boot: ESP-IDF v5.3-dev-1196-gece73357ca 2nd stage bootloader[0m
[0;32mI (31) boot: compile time Jan  3 2024 19:13:30[0m
[0;32mI (32) boot: Multicore bootloader[0m
[0;32mI (36) boot: chip revision: v0.2[0m
[0;32mI (40) boot.esp32s3: Boot SPI Speed : 80MHz[0m
[0;32mI (45) boot.esp32s3: SPI Mode       : DIO[0m
[0;32mI (49) boot.esp32s3: SPI Flash Size : 16MB[0m
[0;32mI (54) boot: Enabling RNG early entropy source...[0m
[0;32mI (60) boot: Partition Table:[0m
[0;32mI (63) boot: ## Label            Usage          Type ST Offset   Length[0m
[0;32mI (70) boot:  0 nvs              WiFi data        01 02 00009000 00006000[0m
[0;32mI (78) boot:  1 phy_init         RF data          01 01 0000f000 00001000[0m
[0;32mI (85) boot:  2 factory          factory app      00 00 00010000 00100000[0m
[0;32mI (93) boot: End of partition table[0m
[0;32mI (97) esp_image: segment 0: paddr=00010020 vaddr=3c020020 size=0ce90h ( 52880) map[0m
[0;32mI (115) esp_image: segment 1: paddr=0001ceb8 vaddr=3fc91e00 size=02938h ( 10552) load[0m
[0;32mI (117) esp_image: segment 2: paddr=0001f7f8 vaddr=40374000 size=00820h (  2080) load[0m
[0;32mI (123) esp_image: segment 3: paddr=00020020 vaddr=42000020 size=188cch (100556) map[0m
[0;32mI (149) esp_image: segment 4: paddr=000388f4 vaddr=40374820 size=0d594h ( 54676) load[0m
[0;32mI (167) boot: Loaded app from partition at offset 0x10000[0m
[0;32mI (167) boot: Disabling RNG early entropy source...[0m
[0;32mI (178) cpu_start: Multicore app[0m
[0;32mI (188) cpu_start: Pro cpu start user code[0m
[0;32mI (188) cpu_start: cpu freq: 160000000 Hz[0m
[0;32mI (188) cpu_start: Application information:[0m
[0;32mI (191) cpu_start: Project name:     hello_world[0m
[0;32mI (196) cpu_start: App version:      1[0m
[0;32mI (201) cpu_start: Compile time:     Jan  3 2024 19:13:19[0m
[0;32mI (207) cpu_start: ELF file SHA256:  ab12a44d8...[0m
[0;32mI (212) cpu_start: ESP-IDF:          v5.3-dev-1196-gece73357ca[0m
[0;32mI (219) cpu_start: Min chip rev:     v0.0[0m
[0;32mI (223) cpu_start: Max chip rev:     v0.99 [0m
[0;32mI (228) cpu_start: Chip rev:         v0.2[0m
[0;32mI (233) heap_init: Initializing. RAM available for dynamic allocation:[0m
[0;32mI (240) heap_init: At 3FC95018 len 000546F8 (337 KiB): RAM[0m
[0;32mI (246) heap_init: At 3FCE9710 len 00005724 (21 KiB): RAM[0m
[0;32mI (252) heap_init: At 3FCF0000 len 00008000 (32 KiB): DRAM[0m
[0;32mI (259) heap_init: At 600FE010 len 00001FD8 (7 KiB): RTCRAM[0m
[0;32mI (266) spi_flash: detected chip: generic[0m
[0;32mI (270) spi_flash: flash io: dio[0m
[0;32mI (274) sleep: Configure to isolate all GPIO pins in sleep state[0m
[0;32mI (280) sleep: Enable automatic switching of GPIO sleep configuration[0m
[0;32mI (288) main_task: Started on CPU0[0m
[0;32mI (318) main_task: Calling app_main()[0m
Hello world!
This is esp32s3 chip with 2 CPU core(s), WiFi/BLE, silicon revision v0.2, 16MB external flash
Minimum free heap size: 386744 bytes
Restarting in 10 seconds...
Restarting in 9 seconds...
Restarting in 8 seconds...
Restarting in 7 seconds...
Restarting in 6 seconds...
Restarting in 5 seconds...
Restarting in 4 seconds...
Restarting in 3 seconds...
Restarting in 2 seconds...
Restarting in 1 seconds...
Restarting in 0 seconds...
Restarting now.
ESP-ROM:esp32s3-20210327
Build:Mar 27 2021
rst:0xc (RTC_SW_CPU_RST),boot:0x8 (SPI_FAST_FLASH_BOOT)
Saved PC:0x403758cc
SPIWP:0xee
mode:DIO, clock div:1
load:0x3fce3810,len:0x178c
load:0x403c9700,len:0x4
load:0x403c9704,len:0xcb8
load:0x403cc700,len:0x2d80
entry 0x403c9914
[0;32mI (31) boot: ESP-IDF v5.3-dev-1196-gece73357ca 2nd stage bootloader[0m
[0;32mI (31) boot: compile time Jan  3 2024 19:13:30[0m
[0;32mI (32) boot: Multicore bootloader[0m
[0;32mI (36) boot: chip revision: v0.2[0m
[0;32mI (40) boot.esp32s3: Boot SPI Speed : 80MHz[0m
[0;32mI (45) boot.esp32s3: SPI Mode       : DIO[0m
[0;32mI (49) boot.esp32s3: SPI Flash Size : 16MB[0m
[0;32mI (54) boot: Enabling RNG early entropy source...[0m
[0;32mI (60) boot: Partition Table:[0m
[0;32mI (63) boot: ## Label            Usage          Type ST Offset   Length[0m
[0;32mI (70) boot:  0 nvs              WiFi data        01 02 00009000 00006000[0m
[0;32mI (78) boot:  1 phy_init         RF data          01 01 0000f000 00001000[0m
[0;32mI (85) boot:  2 factory          factory app      00 00 00010000 00100000[0m
[0;32mI (93) boot: End of partition table[0m
[0;32mI (97) esp_image: segment 0: paddr=00010020 vaddr=3c020020 size=0ce90h ( 52880) map[0m
[0;32mI (115) esp_image: segment 1: paddr=0001ceb8 vaddr=3fc91e00 size=02938h ( 10552) load[0m
[0;32mI (117) esp_image: segment 2: paddr=0001f7f8 vaddr=40374000 size=00820h (  2080) load[0m
[0;32mI (123) esp_image: segment 3: paddr=00020020 vaddr=42000020 size=188cch (100556) map[0m
[0;32mI (149) esp_image: segment 4: paddr=000388f4 vaddr=40374820 size=0d594h ( 54676) load[0m
[0;32mI (167) boot: Loaded app from partition at offset 0x10000[0m
[0;32mI (167) boot: Disabling RNG early entropy source...[0m
[0;32mI (178) cpu_start: Multicore app[0m
[0;32mI (188) cpu_start: Pro cpu start user code[0m
[0;32mI (188) cpu_start: cpu freq: 160000000 Hz[0m
[0;32mI (188) cpu_start: Application information:[0m
[0;32mI (191) cpu_start: Project name:     hello_world[0m
[0;32mI (196) cpu_start: App version:      1[0m
[0;32mI (201) cpu_start: Compile time:     Jan  3 2024 19:13:19[0m
[0;32mI (207) cpu_start: ELF file SHA256:  ab12a44d8...[0m
[0;32mI (212) cpu_start: ESP-IDF:          v5.3-dev-1196-gece73357ca[0m
[0;32mI (219) cpu_start: Min chip rev:     v0.0[0m
[0;32mI (223) cpu_start: Max chip rev:     v0.99 [0m
[0;32mI (228) cpu_start: Chip rev:         v0.2[0m
[0;32mI (233) heap_init: Initializing. RAM available for dynamic allocation:[0m
[0;32mI (240) heap_init: At 3FC95018 len 000546F8 (337 KiB): RAM[0m
[0;32mI (246) heap_init: At 3FCE9710 len 00005724 (21 KiB): RAM[0m
[0;32mI (252) heap_init: At 3FCF0000 len 00008000 (32 KiB): DRAM[0m
[0;32mI (259) heap_init: At 600FE010 len 00001FD8 (7 KiB): RTCRAM[0m
[0;32mI (266) spi_flash: detected chip: generic[0m
[0;32mI (270) spi_flash: flash io: dio[0m
[0;32mI (274) sleep: Configure to isolate all GPIO pins in sleep state[0m
[0;32mI (280) sleep: Enable automatic switching of GPIO sleep configuration[0m
[0;32mI (288) main_task: Started on CPU0[0m
[0;32mI (318) main_task: Calling app_main()[0m
Hello world!
This is esp32s3 chip with 2 CPU core(s), WiFi/BLE, silicon revision v0.2, 16MB external flash
Minimum free heap size: 386744 bytes
Restarting in 10 seconds...
Restarting in 9 seconds...
Restarting in 8 seconds...
Restarting in 7 seconds...
Restarting in 6 seconds...
Restarting in 5 seconds...
Restarting in 4 seconds...
Restarting in 3 seconds...
Restarting in 2 seconds...
Restarting in 1 seconds...
Restarting in 0 seconds...
Restarting now.
ESP-ROM:esp32s3-20210327
Build:Mar 27 2021
rst:0xc (RTC_SW_CPU_RST),boot:0x8 (SPI_FAST_FLASH_BOOT)
Saved PC:0x403758cc
SPIWP:0xee
mode:DIO, clock div:1
load:0x3fce3810,len:0x178c
load:0x403c9700,len:0x4
load:0x403c9704,len:0xcb8
load:0x403cc700,len:0x2d80
entry 0x403c9914
[0;32mI (31) boot: ESP-IDF v5.3-dev-1196-gece73357ca 2nd stage bootloader[0m
[0;32mI (31) boot: compile time Jan  3 2024 19:13:30[0m
[0;32mI (32) boot: Multicore bootloader[0m
[0;32mI (36) boot: chip revision: v0.2[0m
[0;32mI (40) boot.esp32s3: Boot SPI Speed : 80MHz[0m
[0;32mI (45) boot.esp32s3: SPI Mode       : DIO[0m
[0;32mI (49) boot.esp32s3: SPI Flash Size : 16MB[0m
[0;32mI (54) boot: Enabling RNG early entropy source...[0m
[0;32mI (60) boot: Partition Table:[0m
[0;32mI (63) boot: ## Label            Usage          Type ST Offset   Length[0m
[0;32mI (70) boot:  0 nvs              WiFi data        01 02 00009000 00006000[0m
[0;32mI (78) boot:  1 phy_init         RF data          01 01 0000f000 00001000[0m
[0;32mI (85) boot:  2 factory          factory app      00 00 00010000 00100000[0m
[0;32mI (93) boot: End of partition table[0m
[0;32mI (97) esp_image: segment 0: paddr=00010020 vaddr=3c020020 size=0ce90h ( 52880) map[0m
[0;32mI (115) esp_image: segment 1: paddr=0001ceb8 vaddr=3fc91e00 size=02938h ( 10552) load[0m
[0;32mI (117) esp_image: segment 2: paddr=0001f7f8 vaddr=40374000 size=00820h (  2080) load[0m
[0;32mI (123) esp_image: segment 3: paddr=00020020 vaddr=42000020 size=188cch (100556) map[0m
[0;32mI (149) esp_image: segment 4: paddr=000388f4 vaddr=40374820 size=0d594h ( 54676) load[0m
[0;32mI (167) boot: Loaded app from partition at offset 0x10000[0m
[0;32mI (167) boot: Disabling RNG early entropy source...[0m
[0;32mI (178) cpu_start: Multicore app[0m
[0;32mI (188) cpu_start: Pro cpu start user code[0m
[0;32mI (188) cpu_start: cpu freq: 160000000 Hz[0m
[0;32mI (188) cpu_start: Application information:[0m
[0;32mI (191) cpu_start: Project name:     hello_world[0m
[0;32mI (196) cpu_start: App version:      1[0m
[0;32mI (201) cpu_start: Compile time:     Jan  3 2024 19:13:19[0m
[0;32mI (207) cpu_start: ELF file SHA256:  ab12a44d8...[0m
[0;32mI (212) cpu_start: ESP-IDF:          v5.3-dev-1196-gece73357ca[0m
[0;32mI (219) cpu_start: Min chip rev:     v0.0[0m
[0;32mI (223) cpu_start: Max chip rev:     v0.99 [0m
[0;32mI (228) cpu_start: Chip rev:         v0.2[0m
[0;32mI (233) heap_init: Initializing. RAM available for dynamic allocation:[0m
[0;32mI (240) heap_init: At 3FC95018 len 000546F8 (337 KiB): RAM[0m
[0;32mI (246) heap_init: At 3FCE9710 len 00005724 (21 KiB): RAM[0m
[0;32mI (252) heap_init: At 3FCF0000 len 00008000 (32 KiB): DRAM[0m
[0;32mI (259) heap_init: At 600FE010 len 00001FD8 (7 KiB): RTCRAM[0m
[0;32mI (266) spi_flash: detected chip: generic[0m
[0;32mI (270) spi_flash: flash io: dio[0m
[0;32mI (274) sleep: Configure to isolate all GPIO pins in sleep state[0m
[0;32mI (280) sleep: Enable automatic switching of GPIO sleep configuration[0m
[0;32mI (288) main_task: Started on CPU0[0m
[0;32mI (318) main_task: Calling app_main()[0m
Hello world!
This is esp32s3 chip with 2 CPU core(s), WiFi/BLE, silicon revision v0.2, 16MB external flash
Minimum free heap size: 386744 bytes
Restarting in 10 seconds...
Restarting in 9 seconds...
Restarting in 8 seconds...
Restarting in 7 seconds...
Restarting in 6 seconds...
Restarting in 5 seconds...
Restarting in 4 seconds...
Restarting in 3 seconds...
Restarting in 2 seconds...
Restarting in 1 seconds...
Restarting in 0 seconds...
Restarting now.
ESP-ROM:esp32s3-20210327
Build:Mar 27 2021
rst:0xc (RTC_SW_CPU_RST),boot:0x8 (SPI_FAST_FLASH_BOOT)
Saved PC:0x403758cc
SPIWP:0xee
mode:DIO, clock div:1
load:0x3fce3810,len:0x178c
load:0x403c9700,len:0x4
load:0x403c9704,len:0xcb8
load:0x403cc700,len:0x2d80
entry 0x403c9914
[0;32mI (31) boot: ESP-IDF v5.3-dev-1196-gece73357ca 2nd stage bootloader[0m
[0;32mI (31) boot: compile time Jan  3 2024 19:13:30[0m
[0;32mI (32) boot: Multicore bootloader[0m
[0;32mI (36) boot: chip revision: v0.2[0m
[0;32mI (40) boot.esp32s3: Boot SPI Speed : 80MHz[0m
[0;32mI (45) boot.esp32s3: SPI Mode       : DIO[0m
[0;32mI (49) boot.esp32s3: SPI Flash Size : 16MB[0m
[0;32mI (54) boot: Enabling RNG early entropy source...[0m
[0;32mI (60) boot: Partition Table:[0m
[0;32mI (63) boot: ## Label            Usage          Type ST Offset   Length[0m
[0;32mI (70) boot:  0 nvs              WiFi data        01 02 00009000 00006000[0m
[0;32mI (78) boot:  1 phy_init         RF data          01 01 0000f000 00001000[0m
[0;32mI (85) boot:  2 factory          factory app      00 00 00010000 00100000[0m
[0;32mI (93) boot: End of partition table[0m
[0;32mI (97) esp_image: segment 0: paddr=00010020 vaddr=3c020020 size=0ce90h ( 52880) map[0m
[0;32mI (115) esp_image: segment 1: paddr=0001ceb8 vaddr=3fc91e00 size=02938h ( 10552) load[0m
[0;32mI (117) esp_image: segment 2: paddr=0001f7f8 vaddr=40374000 size=00820h (  2080) load[0m
[0;32mI (123) esp_image: segment 3: paddr=00020020 vaddr=42000020 size=188cch (100556) map[0m
[0;32mI (149) esp_image: segment 4: paddr=000388f4 vaddr=40374820 size=0d594h ( 54676) load[0m
[0;32mI (167) boot: Loaded app from partition at offset 0x10000[0m
[0;32mI (167) boot: Disabling RNG early entropy source...[0m
[0;32mI (178) cpu_start: Multicore app[0m
[0;32mI (188) cpu_start: Pro cpu start user code[0m
[0;32mI (188) cpu_start: cpu freq: 160000000 Hz[0m
[0;32mI (188) cpu_start: Application information:[0m
[0;32mI (191) cpu_start: Project name:     hello_world[0m
[0;32mI (196) cpu_start: App version:      1[0m
[0;32mI (201) cpu_start: Compile time:     Jan  3 2024 19:13:19[0m
[0;32mI (207) cpu_start: ELF file SHA256:  ab12a44d8...[0m
[0;32mI (212) cpu_start: ESP-IDF:          v5.3-dev-1196-gece73357ca[0m
[0;32mI (219) cpu_start: Min chip rev:     v0.0[0m
[0;32mI (223) cpu_start: Max chip rev:     v0.99 [0m
[0;32mI (228) cpu_start: Chip rev:         v0.2[0m
[0;32mI (233) heap_init: Initializing. RAM available for dynamic allocation:[0m
[0;32mI (240) heap_init: At 3FC95018 len 000546F8 (337 KiB): RAM[0m
[0;32mI (246) heap_init: At 3FCE9710 len 00005724 (21 KiB): RAM[0m
[0;32mI (252) heap_init: At 3FCF0000 len 00008000 (32 KiB): DRAM[0m
[0;32mI (259) heap_init: At 600FE010 len 00001FD8 (7 KiB): RTCRAM[0m
[0;32mI (266) spi_flash: detected chip: generic[0m
[0;32mI (270) spi_flash: flash io: dio[0m
[0;32mI (274) sleep: Configure to isolate all GPIO pins in sleep state[0m
[0;32mI (280) sleep: Enable automatic switching of GPIO sleep configuration[0m
[0;32mI (288) main_task: Started on CPU0[0m
[0;32mI (318) main_task: Calling app_main()[0m
Hello world!
This is esp32s3 chip with 2 CPU core(s), WiFi/BLE, silicon revision v0.2, 16MB external flash
Minimum free heap size: 386744 bytes
Restarting in 10 seconds...
Restarting in 9 seconds...
Restarting in 8 seconds...
Restarting in 7 seconds...
Restarting in 6 seconds...
Restarting in 5 seconds...
Restarting in 4 seconds...
Restarting in 3 seconds...
Restarting in 2 seconds...
Restarting in 1 seconds...
Restarting in 0 seconds...
Restarting now.
ESP-ROM:esp32s3-20210327
Build:Mar 27 2021
rst:0xc (RTC_SW_CPU_RST),boot:0x8 (SPI_FAST_FLASH_BOOT)
Saved PC:0x403758cc
SPIWP:0xee
mode:DIO, clock div:1
load:0x3fce3810,len:0x178c
load:0x403c9700,len:0x4
load:0x403c9704,len:0xcb8
load:0x403cc700,len:0x2d80
entry 0x403c9914
[0;32mI (31) boot: ESP-IDF v5.3-dev-1196-gece73357ca 2nd stage bootloader[0m
[0;32mI (31) boot: compile time Jan  3 2024 19:13:30[0m
[0;32mI (32) boot: Multicore bootloader[0m
[0;32mI (36) boot: chip revision: v0.2[0m
[0;32mI (40) boot.esp32s3: Boot SPI Speed : 80MHz[0m
[0;32mI (45) boot.esp32s3: SPI Mode       : DIO[0m
[0;32mI (49) boot.esp32s3: SPI Flash Size : 16MB[0m
[0;32mI (54) boot: Enabling RNG early entropy source...[0m
[0;32mI (60) boot: Partition Table:[0m
[0;32mI (63) boot: ## Label            Usage          Type ST Offset   Length[0m
[0;32mI (70) boot:  0 nvs              WiFi data        01 02 00009000 00006000[0m
[0;32mI (78) boot:  1 phy_init         RF data          01 01 0000f000 00001000[0m
[0;32mI (85) boot:  2 factory          factory app      00 00 00010000 00100000[0m
[0;32mI (93) boot: End of partition table[0m
[0;32mI (97) esp_image: segment 0: paddr=00010020 vaddr=3c020020 size=0ce90h ( 52880) map[0m
[0;32mI (115) esp_image: segment 1: paddr=0001ceb8 vaddr=3fc91e00 size=02938h ( 10552) load[0m
[0;32mI (117) esp_image: segment 2: paddr=0001f7f8 vaddr=40374000 size=00820h (  2080) load[0m
[0;32mI (123) esp_image: segment 3: paddr=00020020 vaddr=42000020 size=188cch (100556) map[0m
[0;32mI (149) esp_image: segment 4: paddr=000388f4 vaddr=40374820 size=0d594h ( 54676) load[0m
[0;32mI (167) boot: Loaded app from partition at offset 0x10000[0m
[0;32mI (167) boot: Disabling RNG early entropy source...[0m
[0;32mI (178) cpu_start: Multicore app[0m
[0;32mI (188) cpu_start: Pro cpu start user code[0m
[0;32mI (188) cpu_start: cpu freq: 160000000 Hz[0m
[0;32mI (188) cpu_start: Application information:[0m
[0;32mI (191) cpu_start: Project name:     hello_world[0m
[0;32mI (196) cpu_start: App version:      1[0m
[0;32mI (201) cpu_start: Compile time:     Jan  3 2024 19:13:19[0m
[0;32mI (207) cpu_start: ELF file SHA256:  ab12a44d8...[0m
[0;32mI (212) cpu_start: ESP-IDF:          v5.3-dev-1196-gece73357ca[0m
[0;32mI (219) cpu_start: Min chip rev:     v0.0[0m
[0;32mI (223) cpu_start: Max chip rev:     v0.99 [0m
[0;32mI (228) cpu_start: Chip rev:         v0.2[0m
[0;32mI (233) heap_init: Initializing. RAM available for dynamic allocation:[0m
[0;32mI (240) heap_init: At 3FC95018 len 000546F8 (337 KiB): RAM[0m
[0;32mI (246) heap_init: At 3FCE9710 len 00005724 (21 KiB): RAM[0m
[0;32mI (252) heap_init: At 3FCF0000 len 00008000 (32 KiB): DRAM[0m
[0;32mI (259) heap_init: At 600FE010 len 00001FD8 (7 KiB): RTCRAM[0m
[0;32mI (266) spi_flash: detected chip: generic[0m
[0;32mI (270) spi_flash: flash io: dio[0m
[0;32mI (274) sleep: Configure to isolate all GPIO pins in sleep state[0m
[0;32mI (280) sleep: Enable automatic switching of GPIO sleep configuration[0m
[0;32mI (288) main_task: Started on CPU0[0m
[0;32mI (318) main_task: Calling app_main()[0m
Hello world!
This is esp32s3 chip with 2 CPU core(s), WiFi/BLE, silicon revision v0.2, 16MB external flash
Minimum free heap size: 386744 bytes
Restarting in 10 seconds...
Restarting in 9 seconds...
Restarting in 8 seconds...
Restarting in 7 seconds...
Restarting in 6 seconds...
Restarting in 5 seconds...
Restarting in 4 seconds...
Restarting in 3 seconds...
Restarting in 2 seconds...
Restarting in 1 seconds...
Restarting in 0 seconds...
Restarting now.
ESP-ROM:esp32s3-20210327
Build:Mar 27 2021
rst:0xc (RTC_SW_CPU_RST),boot:0x8 (SPI_FAST_FLASH_BOOT)
Saved PC:0x403758cc
SPIWP:0xee
mode:DIO, clock div:1
load:0x3fce3810,len:0x178c
load:0x403c9700,len:0x4
load:0x403c9704,len:0xcb8
load:0x403cc700,len:0x2d80
entry 0x403c9914
[0;32mI (31) boot: ESP-IDF v5.3-dev-1196-gece73357ca 2nd stage bootloader[0m
[0;32mI (31) boot: compile time Jan  3 2024 19:13:30[0m
[0;32mI (32) boot: Multicore bootloader[0m
[0;32mI (36) boot: chip revision: v0.2[0m
[0;32mI (40) boot.esp32s3: Boot SPI Speed : 80MHz[0m
[0;32mI (45) boot.esp32s3: SPI Mode       : DIO[0m
[0;32mI (49) boot.esp32s3: SPI Flash Size : 16MB[0m
[0;32mI (54) boot: Enabling RNG early entropy source...[0m
[0;32mI (60) boot: Partition Table:[0m
[0;32mI (63) boot: ## Label            Usage          Type ST Offset   Length[0m
[0;32mI (70) boot:  0 nvs              WiFi data        01 02 00009000 00006000[0m
[0;32mI (78) boot:  1 phy_init         RF data          01 01 0000f000 00001000[0m
[0;32mI (85) boot:  2 factory          factory app      00 00 00010000 00100000[0m
[0;32mI (93) boot: End of partition table[0m
[0;32mI (97) esp_image: segment 0: paddr=00010020 vaddr=3c020020 size=0ce90h ( 52880) map[0m
[0;32mI (115) esp_image: segment 1: paddr=0001ceb8 vaddr=3fc91e00 size=02938h ( 10552) load[0m
[0;32mI (117) esp_image: segment 2: paddr=0001f7f8 vaddr=40374000 size=00820h (  2080) load[0m
[0;32mI (123) esp_image: segment 3: paddr=00020020 vaddr=42000020 size=188cch (100556) map[0m
[0;32mI (149) esp_image: segment 4: paddr=000388f4 vaddr=40374820 size=0d594h ( 54676) load[0m
[0;32mI (167) boot: Loaded app from partition at offset 0x10000[0m
[0;32mI (167) boot: Disabling RNG early entropy source...[0m
[0;32mI (178) cpu_start: Multicore app[0m
[0;32mI (188) cpu_start: Pro cpu start user code[0m
[0;32mI (188) cpu_start: cpu freq: 160000000 Hz[0m
[0;32mI (188) cpu_start: Application information:[0m
[0;32mI (191) cpu_start: Project name:     hello_world[0m
[0;32mI (196) cpu_start: App version:      1[0m
[0;32mI (201) cpu_start: Compile time:     Jan  3 2024 19:13:19[0m
[0;32mI (207) cpu_start: ELF file SHA256:  ab12a44d8...[0m
[0;32mI (212) cpu_start: ESP-IDF:          v5.3-dev-1196-gece73357ca[0m
[0;32mI (219) cpu_start: Min chip rev:     v0.0[0m
[0;32mI (223) cpu_start: Max chip rev:     v0.99 [0m
[0;32mI (228) cpu_start: Chip rev:         v0.2[0m
[0;32mI (233) heap_init: Initializing. RAM available for dynamic allocation:[0m
[0;32mI (240) heap_init: At 3FC95018 len 000546F8 (337 KiB): RAM[0m
[0;32mI (246) heap_init: At 3FCE9710 len 00005724 (21 KiB): RAM[0m
[0;32mI (252) heap_init: At 3FCF0000 len 00008000 (32 KiB): DRAM[0m
[0;32mI (259) heap_init: At 600FE010 len 00001FD8 (7 KiB): RTCRAM[0m
[0;32mI (266) spi_flash: detected chip: generic[0m
[0;32mI (270) spi_flash: flash io: dio[0m
[0;32mI (274) sleep: Configure to isolate all GPIO pins in sleep state[0m
[0;32mI (280) sleep: Enable automatic switching of GPIO sleep configuration[0m
[0;32mI (288) main_task: Started on CPU0[0m
[0;32mI (318) main_task: Calling app_main()[0m
Hello world!
This is esp32s3 chip with 2 CPU core(s), WiFi/BLE, silicon revision v0.2, 16MB external flash
Minimum free heap size: 386744 bytes
Restarting in 10 seconds...
Restarting in 9 seconds...
Restarting in 8 seconds...
Restarting in 7 seconds...
Restarting in 6 seconds...
Restarting in 5 seconds...
Restarting in 4 seconds...
Restarting in 3 seconds...
Restarting in 2 seconds...
Restarting in 1 seconds...
Restarting in 0 seconds...
Restarting now.
ESP-ROM:esp32s3-20210327
Build:Mar 27 2021
rst:0xc (RTC_SW_CPU_RST),boot:0x8 (SPI_FAST_FLASH_BOOT)
Saved PC:0x403758cc
SPIWP:0xee
mode:DIO, clock div:1
load:0x3fce3810,len:0x178c
load:0x403c9700,len:0x4
load:0x403c9704,len:0xcb8
load:0x403cc700,len:0x2d80
entry 0x403c9914
[0;32mI (31) boot: ESP-IDF v5.3-dev-1196-gece73357ca 2nd stage bootloader[0m
[0;32mI (31) boot: compile time Jan  3 2024 19:13:30[0m
[0;32mI (32) boot: Multicore bootloader[0m
[0;32mI (36) boot: chip revision: v0.2[0m
[0;32mI (40) boot.esp32s3: Boot SPI Speed : 80MHz[0m
[0;32mI (45) boot.esp32s3: SPI Mode       : DIO[0m
[0;32mI (49) boot.esp32s3: SPI Flash Size : 16MB[0m
[0;32mI (54) boot: Enabling RNG early entropy source...[0m
[0;32mI (60) boot: Partition Table:[0m
[0;32mI (63) boot: ## Label            Usage          Type ST Offset   Length[0m
[0;32mI (70) boot:  0 nvs              WiFi data        01 02 00009000 00006000[0m
[0;32mI (78) boot:  1 phy_init         RF data          01 01 0000f000 00001000[0m
[0;32mI (85) boot:  2 factory          factory app      00 00 00010000 00100000[0m
[0;32mI (93) boot: End of partition table[0m
[0;32mI (97) esp_image: segment 0: paddr=00010020 vaddr=3c020020 size=0ce90h ( 52880) map[0m
[0;32mI (115) esp_image: segment 1: paddr=0001ceb8 vaddr=3fc91e00 size=02938h ( 10552) load[0m
[0;32mI (117) esp_image: segment 2: paddr=0001f7f8 vaddr=40374000 size=00820h (  2080) load[0m
[0;32mI (123) esp_image: segment 3: paddr=00020020 vaddr=42000020 size=188cch (100556) map[0m
[0;32mI (149) esp_image: segment 4: paddr=000388f4 vaddr=40374820 size=0d594h ( 54676) load[0m
[0;32mI (167) boot: Loaded app from partition at offset 0x10000[0m
[0;32mI (167) boot: Disabling RNG early entropy source...[0m
[0;32mI (178) cpu_start: Multicore app[0m
[0;32mI (188) cpu_start: Pro cpu start user code[0m
[0;32mI (188) cpu_start: cpu freq: 160000000 Hz[0m
[0;32mI (188) cpu_start: Application information:[0m
[0;32mI (191) cpu_start: Project name:     hello_world[0m
[0;32mI (196) cpu_start: App version:      1[0m
[0;32mI (201) cpu_start: Compile time:     Jan  3 2024 19:13:19[0m
[0;32mI (207) cpu_start: ELF file SHA256:  ab12a44d8...[0m
[0;32mI (212) cpu_start: ESP-IDF:          v5.3-dev-1196-gece73357ca[0m
[0;32mI (219) cpu_start: Min chip rev:     v0.0[0m
[0;32mI (223) cpu_start: Max chip rev:     v0.99 [0m
[0;32mI (228) cpu_start: Chip rev:         v0.2[0m
[0;32mI (233) heap_init: Initializing. RAM available for dynamic allocation:[0m
[0;32mI (240) heap_init: At 3FC95018 len 000546F8 (337 KiB): RAM[0m
[0;32mI (246) heap_init: At 3FCE9710 len 00005724 (21 KiB): RAM[0m
[0;32mI (252) heap_init: At 3FCF0000 len 00008000 (32 KiB): DRAM[0m
[0;32mI (259) heap_init: At 600FE010 len 00001FD8 (7 KiB): RTCRAM[0m
[0;32mI (266) spi_flash: detected chip: generic[0m
[0;32mI (270) spi_flash: flash io: dio[0m
[0;32mI (274) sleep: Configure to isolate all GPIO pins in sleep state[0m
[0;32mI (280) sleep: Enable automatic switching of GPIO sleep configuration[0m
[0;32mI (288) main_task: Started on CPU0[0m
[0;32mI (318) main_task: Calling app_main()[0m
Hello world!
This is esp32s3 chip with 2 CPU core(s), WiFi/BLE, silicon revision v0.2, 16MB external flash
Minimum free heap size: 386744 bytes
Restarting in 10 seconds...
Restarting in 9 seconds...
Restarting in 8 seconds...
Restarting in 7 seconds...
Restarting in 6 seconds...
Restarting in 5 seconds...
Restarting in 4 seconds...
Restarting in 3 seconds...
Restarting in 2 seconds...
Restarting in 1 seconds...
Restarting in 0 seconds...
Restarting now.
ESP-ROM:esp32s3-20210327
Build:Mar 27 2021
rst:0xc (RTC_SW_CPU_RST),boot:0x8 (SPI_FAST_FLASH_BOOT)
Saved PC:0x403758cc
SPIWP:0xee
mode:DIO, clock div:1
load:0x3fce3810,len:0x178c
load:0x403c9700,len:0x4
load:0x403c9704,len:0xcb8
load:0x403cc700,len:0x2d80
entry 0x403c9914
[0;32mI (31) boot: ESP-IDF v5.3-dev-1196-gece73357ca 2nd stage bootloader[0m
[0;32mI (31) boot: compile time Jan  3 2024 19:13:30[0m
[0;32mI (32) boot: Multicore bootloader[0m
[0;32mI (36) boot: chip revision: v0.2[0m
[0;32mI (40) boot.esp32s3: Boot SPI Speed : 80MHz[0m
